--------- beginning of main
D/wpa_supplicant( 1804): wlan0: Control interface command 'SIGNAL_POLL'
I/MSM-irqbalance(  673): Decided to move IRQ222 from CPU3 to CPU1
D/Ulp_jni (  997): Location CB invoked
D/wpa_supplicant( 1804): wlan0: Control interface command 'SIGNAL_POLL'
D/wpa_supplicant( 1804): wlan0: Control interface command 'SIGNAL_POLL'
I/MSM-irqbalance(  673): Decided to move IRQ215 from CPU3 to CPU1
D/wpa_supplicant( 1804): wlan0: Control interface command 'SIGNAL_POLL'
E/WifiStateMachine(  997): WifiStateMachine CMD_START_SCAN source -2 txSuccessRate=0.00 rxSuccessRate=17.11 targetRoamBSSID=any RSSI=-50
E/WifiStateMachine(  997): WifiStateMachine starting scan for "yixia_5g"WPA_PSK with 5745,5805,5765,5785
D/wpa_supplicant( 1804): wlan0: Control interface command 'SCAN TYPE=ONLY freq=5745,5805,5765,5785'
D/wpa_supplicant( 1804): wlan0: Setting scan request: 0.000000 sec
D/wpa_supplicant( 1804): wlan0: Starting AP scan for wildcard SSID
D/wpa_supplicant( 1804): wlan0: Limit manual scan to specified channels
D/wpa_supplicant( 1804): wlan0: Add radio work 'scan'@0x7f9dc1e4c0
D/wpa_supplicant( 1804): wlan0: First radio work item in the queue - schedule start immediately
D/wpa_supplicant( 1804): wlan0: Starting radio work 'scan'@0x7f9dc1e4c0 after 0.000088 second wait
D/wpa_supplicant( 1804): wlan0: nl80211: scan request
D/wpa_supplicant( 1804): nl80211: Scan SSID - hexdump(len=0): [NULL]
D/wpa_supplicant( 1804): nl80211: Scan frequency 5745 MHz
D/wpa_supplicant( 1804): nl80211: Scan frequency 5765 MHz
D/wpa_supplicant( 1804): nl80211: Scan frequency 5785 MHz
D/wpa_supplicant( 1804): nl80211: Scan frequency 5805 MHz
D/wpa_supplicant( 1804): Scan requested (ret=0) - scan timeout 30 seconds
D/wpa_supplicant( 1804): nl80211: Event message available
D/wpa_supplicant( 1804): nl80211: Drv Event 33 (NL80211_CMD_TRIGGER_SCAN) received for wlan0
D/wpa_supplicant( 1804): wlan0: nl80211: Scan trigger
D/wpa_supplicant( 1804): wlan0: Event SCAN_STARTED (49) received
D/wpa_supplicant( 1804): wlan0: Own scan request started a scan in 0.000200 seconds
I/wpa_supplicant( 1804): wlan0: CTRL-EVENT-SCAN-STARTED 
D/wpa_supplicant( 1804): CTRL_IFACE monitor sent successfully to /data/misc/wifi/sockets/wpa_ctrl_455-1\x00
D/wpa_supplicant( 1804): CTRL_IFACE monitor sent successfully to /data/misc/wifi/sockets/wpa_ctrl_997-2\x00
I/WifiHAL (  997): Poll result = 1
I/WifiHAL (  997): Found some events!!!
D/WifiHAL (  997): no_seq_check received
I/WifiHAL (  997): event received NL80211_CMD_TRIGGER_SCAN
I/WifiHAL (  997): event received NL80211_CMD_TRIGGER_SCAN, vendor_id = 0x0
I/WifiHAL (  997): event ignored!!
D/wpa_supplicant( 1804): nl80211: Event message available
D/wpa_supplicant( 1804): nl80211: Drv Event 34 (NL80211_CMD_NEW_SCAN_RESULTS) received for wlan0
D/wpa_supplicant( 1804): wlan0: nl80211: New scan results available
D/wpa_supplicant( 1804): nl80211: Scan included frequencies:
D/wpa_supplicant( 1804): wlan0: Event SCAN_RESULTS (3) received
D/wpa_supplicant( 1804): wlan0: Scan completed in 0.713856 seconds
D/wpa_supplicant( 1804): nl80211: Associated on 5745 MHz
D/wpa_supplicant( 1804): nl80211: Associated with 2c:e6:cc:3c:b2:9c
D/wpa_supplicant( 1804): nl80211: Received scan results (22 BSSes)
D/wpa_supplicant( 1804): nl80211: Scan results indicate BSS status with 2c:e6:cc:3c:b2:9c as associated
D/wpa_supplicant( 1804): wlan0: BSS: Start scan result update 107
D/wpa_supplicant( 1804): BSS: last_scan_res_used=22/32
D/wpa_supplicant( 1804): wlan0: Scan-only results received
D/wpa_supplicant( 1804): CTRL_IFACE monitor sent successfully to /data/misc/wifi/sockets/wpa_ctrl_455-1\x00
D/wpa_supplicant( 1804): CTRL_IFACE monitor sent successfully to /data/misc/wifi/sockets/wpa_ctrl_997-2\x00
D/wpa_supplicant( 1804): wlan0: Radio work 'scan'@0x7f9dc1e4c0 done in 0.716964 seconds
I/WifiHAL (  997): Poll result = 1
I/WifiHAL (  997): Found some events!!!
D/WifiHAL (  997): no_seq_check received
I/WifiHAL (  997): event received NL80211_CMD_NEW_SCAN_RESULTS
I/WifiHAL (  997): event received NL80211_CMD_NEW_SCAN_RESULTS, vendor_id = 0x0
I/WifiHAL (  997): event ignored!!
D/wpa_supplicant( 1804): wlan0: Control interface command 'BSS RANGE=0- MASK=0x23987'
D/wpa_supplicant( 1804): wlan0: Control interface command 'STATUS-NO_EVENTS'
I/MSM-irqbalance(  673): Decided to move IRQ222 from CPU1 to CPU0
D/Ulp_jni (  997): Location CB invoked
D/wpa_supplicant( 1804): wlan0: Control interface command 'SIGNAL_POLL'
D/wpa_supplicant( 1804): wlan0: Control interface command 'SIGNAL_POLL'
I/MSM-irqbalance(  673): Decided to move IRQ215 from CPU1 to CPU0
D/wpa_supplicant( 1804): wlan0: Control interface command 'SIGNAL_POLL'
D/wpa_supplicant( 1804): wlan0: Control interface command 'SIGNAL_POLL'
I/MSM-irqbalance(  673): Decided to move IRQ51 from CPU3 to CPU0
D/Ulp_jni (  997): Location CB invoked
D/wpa_supplicant( 1804): wlan0: Control interface command 'SIGNAL_POLL'
I/MSM-irqbalance(  673): Decided to move IRQ57 from CPU3 to CPU0
I/dhcpcd  ( 2772): wlan0: renewing lease of 10.10.254.210
I/dhcpcd  ( 2772): wlan0: acknowledged 10.10.254.210 from 10.10.10.10
I/dhcpcd  ( 2772): wlan0: leased 10.10.254.210 for 600 seconds
D/wpa_supplicant( 1804): wlan0: Control interface command 'SIGNAL_POLL'
E/WifiStateMachine(  997): WifiStateMachine CMD_START_SCAN source -2 txSuccessRate=0.50 rxSuccessRate=20.30 targetRoamBSSID=any RSSI=-49
E/WifiStateMachine(  997): WifiStateMachine starting scan for "yixia_5g"WPA_PSK with 5745,5805,5765,5785
D/wpa_supplicant( 1804): wlan0: Control interface command 'SCAN TYPE=ONLY freq=5745,5805,5765,5785'
D/wpa_supplicant( 1804): wlan0: Setting scan request: 0.000000 sec
D/wpa_supplicant( 1804): wlan0: Starting AP scan for wildcard SSID
D/wpa_supplicant( 1804): wlan0: Limit manual scan to specified channels
D/wpa_supplicant( 1804): wlan0: Add radio work 'scan'@0x7f9dc1e380
D/wpa_supplicant( 1804): wlan0: First radio work item in the queue - schedule start immediately
D/wpa_supplicant( 1804): wlan0: Starting radio work 'scan'@0x7f9dc1e380 after 0.000102 second wait
D/wpa_supplicant( 1804): wlan0: nl80211: scan request
D/wpa_supplicant( 1804): nl80211: Scan SSID - hexdump(len=0): [NULL]
D/wpa_supplicant( 1804): nl80211: Scan frequency 5745 MHz
D/wpa_supplicant( 1804): nl80211: Scan frequency 5765 MHz
D/wpa_supplicant( 1804): nl80211: Scan frequency 5785 MHz
D/wpa_supplicant( 1804): nl80211: Scan frequency 5805 MHz
D/wpa_supplicant( 1804): Scan requested (ret=0) - scan timeout 30 seconds
D/wpa_supplicant( 1804): nl80211: Event message available
D/wpa_supplicant( 1804): nl80211: Drv Event 33 (NL80211_CMD_TRIGGER_SCAN) received for wlan0
D/wpa_supplicant( 1804): wlan0: nl80211: Scan trigger
D/wpa_supplicant( 1804): wlan0: Event SCAN_STARTED (49) received
D/wpa_supplicant( 1804): wlan0: Own scan request started a scan in 0.000200 seconds
I/wpa_supplicant( 1804): wlan0: CTRL-EVENT-SCAN-STARTED 
D/wpa_supplicant( 1804): CTRL_IFACE monitor sent successfully to /data/misc/wifi/sockets/wpa_ctrl_455-1\x00
D/wpa_supplicant( 1804): CTRL_IFACE monitor sent successfully to /data/misc/wifi/sockets/wpa_ctrl_997-2\x00
I/WifiHAL (  997): Poll result = 1
I/WifiHAL (  997): Found some events!!!
D/WifiHAL (  997): no_seq_check received
I/WifiHAL (  997): event received NL80211_CMD_TRIGGER_SCAN
I/WifiHAL (  997): event received NL80211_CMD_TRIGGER_SCAN, vendor_id = 0x0
I/WifiHAL (  997): event ignored!!
D/wpa_supplicant( 1804): wlan0: Control interface command 'SIGNAL_POLL'
D/wpa_supplicant( 1804): nl80211: Event message available
D/wpa_supplicant( 1804): nl80211: Drv Event 34 (NL80211_CMD_NEW_SCAN_RESULTS) received for wlan0
D/wpa_supplicant( 1804): wlan0: nl80211: New scan results available
D/wpa_supplicant( 1804): nl80211: Scan included frequencies:
D/wpa_supplicant( 1804): wlan0: Event SCAN_RESULTS (3) received
D/wpa_supplicant( 1804): wlan0: Scan completed in 0.723417 seconds
D/wpa_supplicant( 1804): nl80211: Associated on 5745 MHz
D/wpa_supplicant( 1804): nl80211: Associated with 2c:e6:cc:3c:b2:9c
D/wpa_supplicant( 1804): nl80211: Received scan results (22 BSSes)
D/wpa_supplicant( 1804): nl80211: Scan results indicate BSS status with 2c:e6:cc:3c:b2:9c as associated
D/wpa_supplicant( 1804): wlan0: BSS: Start scan result update 108
D/wpa_supplicant( 1804): BSS: last_scan_res_used=22/32
D/wpa_supplicant( 1804): wlan0: Scan-only results received
D/wpa_supplicant( 1804): CTRL_IFACE monitor sent successfully to /data/misc/wifi/sockets/wpa_ctrl_455-1\x00
D/wpa_supplicant( 1804): CTRL_IFACE monitor sent successfully to /data/misc/wifi/sockets/wpa_ctrl_997-2\x00
D/wpa_supplicant( 1804): wlan0: Radio work 'scan'@0x7f9dc1e380 done in 0.727083 seconds
I/WifiHAL (  997): Poll result = 1
I/WifiHAL (  997): Found some events!!!
D/WifiHAL (  997): no_seq_check received
I/WifiHAL (  997): event received NL80211_CMD_NEW_SCAN_RESULTS
I/WifiHAL (  997): event received NL80211_CMD_NEW_SCAN_RESULTS, vendor_id = 0x0
I/WifiHAL (  997): event ignored!!
D/wpa_supplicant( 1804): wlan0: Control interface command 'BSS RANGE=0- MASK=0x23987'
D/wpa_supplicant( 1804): wlan0: Control interface command 'STATUS-NO_EVENTS'
I/MSM-irqbalance(  673): Decided to move IRQ216 from CPU3 to CPU0
D/Ulp_jni (  997): Location CB invoked
D/wpa_supplicant( 1804): wlan0: Control interface command 'SIGNAL_POLL'
D/wpa_supplicant( 1804): wlan0: Control interface command 'SIGNAL_POLL'
E/native  (  997): do suspend false
D/wpa_supplicant( 1804): wlan0: Control interface command 'DRIVER SETSUSPENDMODE 0'
D/wpa_supplicant( 1804): wpa_driver_nl80211_driver_cmd SETSUSPENDMODE 0 len = 0, 4096
D/wpa_supplicant( 1804): wlan0: Control interface command 'SET ps 0'
D/wpa_supplicant( 1804): CTRL_IFACE SET 'ps'='0'
D/wpa_supplicant( 1804): nl80211: set_p2p_powersave (legacy_ps=0 opp_ps=-1 ctwindow=-1)
D/wpa_supplicant( 1804): wlan0: Control interface command 'DRIVER BTCOEXMODE 1'
D/wpa_supplicant( 1804): wpa_driver_nl80211_driver_cmd BTCOEXMODE 1 len = 0, 4096
D/wpa_supplicant( 1804): wlan0: Control interface command 'DRIVER WLS_BATCHING GET'
E/wpa_supplicant( 1804): wpa_driver_nl80211_driver_cmd: failed to issue private commands
E/WifiStateMachine(  997): Unexpected BatchedScanResults :null
D/wpa_supplicant( 1804): wlan0: Control interface command 'DRIVER WLS_BATCHING STOP'
E/wpa_supplicant( 1804): wpa_driver_nl80211_driver_cmd: failed to issue private commands
I/dhcpcd  (13985): sending signal 14 to pid 2772
I/dhcpcd  ( 2772): received SIGALRM, renewing
I/dhcpcd  ( 2772): wlan0: renewing lease of 10.10.254.210
I/dhcpcd  ( 2772): wlan0: acknowledged 10.10.254.210 from 10.10.10.10
I/dhcpcd  ( 2772): wlan0: leased 10.10.254.210 for 600 seconds
D/wpa_supplicant( 1804): wlan0: Control interface command 'DRIVER BTCOEXMODE 2'
D/wpa_supplicant( 1804): wpa_driver_nl80211_driver_cmd BTCOEXMODE 2 len = 0, 4096
D/wpa_supplicant( 1804): wlan0: Control interface command 'SET ps 1'
D/wpa_supplicant( 1804): CTRL_IFACE SET 'ps'='1'
D/wpa_supplicant( 1804): nl80211: set_p2p_powersave (legacy_ps=1 opp_ps=-1 ctwindow=-1)
--------- beginning of system
D/Nat464Xlat(  997): requiresClat: netType=1, connected=true, hasIPv4Address=true
D/wpa_supplicant( 1804): wlan0: Control interface command 'BLACKLIST clear'
D/ConnectivityService(  997): notifyType IP_CHANGED for NetworkAgentInfo [WIFI () - 100]
D/ConnectivityService(  997): NetworkAgentInfo [WIFI () - 100] EVENT_NETWORK_INFO_CHANGED, going from CONNECTED to CONNECTING
D/ConnectivityManager.CallbackHandler( 1365): CM callback handler got msg 524295
D/StatusBar.NetworkController( 1365): slot=-10;action=android.net.wifi.STATE_CHANGE
D/ConnectivityService(  997): NetworkAgentInfo [WIFI () - 100] EVENT_NETWORK_INFO_CHANGED, going from CONNECTING to CONNECTED
E/WifiStateMachine(  997): WifiStateMachine: Leaving Connected state
I/UploadManager( 1649): Receive intent=android.net.wifi.STATE_CHANGE
I/UploadManager( 1649): Receive intent=android.net.wifi.STATE_CHANGE
D/StatusBar.NetworkController( 1365): slot=-10;action=android.net.wifi.STATE_CHANGE
I/UploadManager( 1649): Receive intent=android.net.wifi.STATE_CHANGE
D/StatusBar.NetworkController( 1365): slot=-10;action=android.net.wifi.STATE_CHANGE
I/UploadManager( 1649): Receive intent=android.net.wifi.STATE_CHANGE
D/StatusBar.NetworkController( 1365): slot=-10;action=android.net.wifi.STATE_CHANGE
E/WifiStateMachine(  997): WifiStateMachine CMD_START_SCAN source -2 txSuccessRate=0.06 rxSuccessRate=17.41 targetRoamBSSID=any RSSI=-47
E/WifiStateMachine(  997): WifiStateMachine starting scan for "yixia_5g"WPA_PSK with 5745,5805,5765,5785
D/wpa_supplicant( 1804): wlan0: Control interface command 'SCAN TYPE=ONLY freq=5745,5805,5765,5785'
D/wpa_supplicant( 1804): wlan0: Setting scan request: 0.000000 sec
D/wpa_supplicant( 1804): wlan0: Starting AP scan for wildcard SSID
D/wpa_supplicant( 1804): wlan0: Limit manual scan to specified channels
D/wpa_supplicant( 1804): wlan0: Add radio work 'scan'@0x7f9dc1e4c0
D/wpa_supplicant( 1804): wlan0: First radio work item in the queue - schedule start immediately
D/wpa_supplicant( 1804): wlan0: Starting radio work 'scan'@0x7f9dc1e4c0 after 0.000039 second wait
D/wpa_supplicant( 1804): wlan0: nl80211: scan request
D/wpa_supplicant( 1804): nl80211: Scan SSID - hexdump(len=0): [NULL]
D/wpa_supplicant( 1804): nl80211: Scan frequency 5745 MHz
D/wpa_supplicant( 1804): nl80211: Scan frequency 5765 MHz
D/wpa_supplicant( 1804): nl80211: Scan frequency 5785 MHz
D/wpa_supplicant( 1804): nl80211: Scan frequency 5805 MHz
D/wpa_supplicant( 1804): Scan requested (ret=0) - scan timeout 30 seconds
D/wpa_supplicant( 1804): nl80211: Event message available
I/WifiHAL (  997): Poll result = 1
I/WifiHAL (  997): Found some events!!!
D/wpa_supplicant( 1804): nl80211: Drv Event 33 (NL80211_CMD_TRIGGER_SCAN) received for wlan0
D/WifiHAL (  997): no_seq_check received
D/wpa_supplicant( 1804): wlan0: nl80211: Scan trigger
I/WifiHAL (  997): event received NL80211_CMD_TRIGGER_SCAN
D/wpa_supplicant( 1804): wlan0: Event SCAN_STARTED (49) received
I/WifiHAL (  997): event received NL80211_CMD_TRIGGER_SCAN, vendor_id = 0x0
I/WifiHAL (  997): event ignored!!
D/wpa_supplicant( 1804): wlan0: Own scan request started a scan in 0.000106 seconds
I/wpa_supplicant( 1804): wlan0: CTRL-EVENT-SCAN-STARTED 
D/wpa_supplicant( 1804): CTRL_IFACE monitor sent successfully to /data/misc/wifi/sockets/wpa_ctrl_455-1\x00
D/wpa_supplicant( 1804): CTRL_IFACE monitor sent successfully to /data/misc/wifi/sockets/wpa_ctrl_997-2\x00
D/wpa_supplicant( 1804): wlan0: Control interface command 'SIGNAL_POLL'
D/StatusBar.NetworkController( 1365): slot=-10;action=android.net.wifi.RSSI_CHANGED
D/wpa_supplicant( 1804): nl80211: Event message available
D/wpa_supplicant( 1804): nl80211: Drv Event 34 (NL80211_CMD_NEW_SCAN_RESULTS) received for wlan0
D/wpa_supplicant( 1804): wlan0: nl80211: New scan results available
D/wpa_supplicant( 1804): nl80211: Scan included frequencies:
D/wpa_supplicant( 1804): wlan0: Event SCAN_RESULTS (3) received
D/wpa_supplicant( 1804): wlan0: Scan completed in 0.727851 seconds
D/wpa_supplicant( 1804): nl80211: Associated on 5745 MHz
D/wpa_supplicant( 1804): nl80211: Associated with 2c:e6:cc:3c:b2:9c
D/wpa_supplicant( 1804): nl80211: Received scan results (22 BSSes)
D/wpa_supplicant( 1804): nl80211: Scan results indicate BSS status with 2c:e6:cc:3c:b2:9c as associated
D/wpa_supplicant( 1804): wlan0: BSS: Start scan result update 109
D/wpa_supplicant( 1804): BSS: last_scan_res_used=22/32
D/wpa_supplicant( 1804): wlan0: Scan-only results received
D/wpa_supplicant( 1804): CTRL_IFACE monitor sent successfully to /data/misc/wifi/sockets/wpa_ctrl_455-1\x00
D/wpa_supplicant( 1804): CTRL_IFACE monitor sent successfully to /data/misc/wifi/sockets/wpa_ctrl_997-2\x00
D/wpa_supplicant( 1804): wlan0: Radio work 'scan'@0x7f9dc1e4c0 done in 0.730694 seconds
I/WifiHAL (  997): Poll result = 1
I/WifiHAL (  997): Found some events!!!
D/WifiHAL (  997): no_seq_check received
I/WifiHAL (  997): event received NL80211_CMD_NEW_SCAN_RESULTS
I/WifiHAL (  997): event received NL80211_CMD_NEW_SCAN_RESULTS, vendor_id = 0x0
I/WifiHAL (  997): event ignored!!
D/wpa_supplicant( 1804): wlan0: Control interface command 'BSS RANGE=0- MASK=0x23987'
D/wpa_supplicant( 1804): wlan0: Control interface command 'STATUS-NO_EVENTS'
I/MSM-irqbalance(  673): Decided to move IRQ133 from CPU3 to CPU1
D/Ulp_jni (  997): Location CB invoked
D/wpa_supplicant( 1804): wlan0: Control interface command 'SIGNAL_POLL'
I/ActivityManager(  997): Start proc com.miui.providers.weather for broadcast com.miui.providers.weather/.receiver.ReceiverUpdateWeather: pid=14010 uid=10028 gids={50028, 9997, 3003} abi=arm64-v8a
I/libthemeutils(14010): Theme： libthemeutil.so load success
D/wpa_supplicant( 1804): wlan0: Control interface command 'SIGNAL_POLL'
I/MSM-irqbalance(  673): Decided to move IRQ155 from CPU3 to CPU1
D/wpa_supplicant( 1804): wlan0: Control interface command 'SIGNAL_POLL'
D/wpa_supplicant( 1804): wlan0: Control interface command 'SIGNAL_POLL'
D/Ulp_jni (  997): Location CB invoked
D/wpa_supplicant( 1804): wlan0: Control interface command 'SIGNAL_POLL'
D/wpa_supplicant( 1804): wlan0: Control interface command 'SIGNAL_POLL'
W/DNSIncoming(13488): There was an OPT answer. Not currently handled. Option code: 65002 data: 5A968B9961DEE8DF
W/DNSIncoming(13488): There was an OPT answer. Not currently handled. Option code: 65002 data: 5A968B9961DEE8DF
E/WifiStateMachine(  997): WifiStateMachine CMD_START_SCAN source -2 txSuccessRate=0.01 rxSuccessRate=21.73 targetRoamBSSID=any RSSI=-47
E/WifiStateMachine(  997): WifiStateMachine starting scan for "yixia_5g"WPA_PSK with 5745,5805,5765,5785
D/wpa_supplicant( 1804): wlan0: Control interface command 'SCAN TYPE=ONLY freq=5745,5805,5765,5785'
D/wpa_supplicant( 1804): wlan0: Setting scan request: 0.000000 sec
D/wpa_supplicant( 1804): wlan0: Starting AP scan for wildcard SSID
D/wpa_supplicant( 1804): wlan0: Limit manual scan to specified channels
D/wpa_supplicant( 1804): wlan0: Add radio work 'scan'@0x7f9dc1e380
D/wpa_supplicant( 1804): wlan0: First radio work item in the queue - schedule start immediately
D/wpa_supplicant( 1804): wlan0: Starting radio work 'scan'@0x7f9dc1e380 after 0.000088 second wait
D/wpa_supplicant( 1804): wlan0: nl80211: scan request
D/wpa_supplicant( 1804): nl80211: Scan SSID - hexdump(len=0): [NULL]
D/wpa_supplicant( 1804): nl80211: Scan frequency 5745 MHz
D/wpa_supplicant( 1804): nl80211: Scan frequency 5765 MHz
D/wpa_supplicant( 1804): nl80211: Scan frequency 5785 MHz
D/wpa_supplicant( 1804): nl80211: Scan frequency 5805 MHz
D/wpa_supplicant( 1804): Scan requested (ret=0) - scan timeout 30 seconds
D/wpa_supplicant( 1804): nl80211: Event message available
D/wpa_supplicant( 1804): nl80211: Drv Event 33 (NL80211_CMD_TRIGGER_SCAN) received for wlan0
D/wpa_supplicant( 1804): wlan0: nl80211: Scan trigger
D/wpa_supplicant( 1804): wlan0: Event SCAN_STARTED (49) received
D/wpa_supplicant( 1804): wlan0: Own scan request started a scan in 0.000217 seconds
I/wpa_supplicant( 1804): wlan0: CTRL-EVENT-SCAN-STARTED 
D/wpa_supplicant( 1804): CTRL_IFACE monitor sent successfully to /data/misc/wifi/sockets/wpa_ctrl_455-1\x00
D/wpa_supplicant( 1804): CTRL_IFACE monitor sent successfully to /data/misc/wifi/sockets/wpa_ctrl_997-2\x00
I/WifiHAL (  997): Poll result = 1
I/WifiHAL (  997): Found some events!!!
D/WifiHAL (  997): no_seq_check received
I/WifiHAL (  997): event received NL80211_CMD_TRIGGER_SCAN
I/WifiHAL (  997): event received NL80211_CMD_TRIGGER_SCAN, vendor_id = 0x0
I/WifiHAL (  997): event ignored!!
D/wpa_supplicant( 1804): nl80211: Event message available
D/wpa_supplicant( 1804): nl80211: Drv Event 34 (NL80211_CMD_NEW_SCAN_RESULTS) received for wlan0
D/wpa_supplicant( 1804): wlan0: nl80211: New scan results available
D/wpa_supplicant( 1804): nl80211: Scan included frequencies:
D/wpa_supplicant( 1804): wlan0: Event SCAN_RESULTS (3) received
D/wpa_supplicant( 1804): wlan0: Scan completed in 0.723633 seconds
D/wpa_supplicant( 1804): nl80211: Associated on 5745 MHz
D/wpa_supplicant( 1804): nl80211: Associated with 2c:e6:cc:3c:b2:9c
D/wpa_supplicant( 1804): nl80211: Received scan results (22 BSSes)
D/wpa_supplicant( 1804): nl80211: Scan results indicate BSS status with 2c:e6:cc:3c:b2:9c as associated
D/wpa_supplicant( 1804): wlan0: BSS: Start scan result update 110
D/wpa_supplicant( 1804): BSS: last_scan_res_used=22/32
D/wpa_supplicant( 1804): wlan0: Scan-only results received
D/wpa_supplicant( 1804): CTRL_IFACE monitor sent successfully to /data/misc/wifi/sockets/wpa_ctrl_455-1\x00
D/wpa_supplicant( 1804): CTRL_IFACE monitor sent successfully to /data/misc/wifi/sockets/wpa_ctrl_997-2\x00
D/wpa_supplicant( 1804): wlan0: Radio work 'scan'@0x7f9dc1e380 done in 0.727349 seconds
I/WifiHAL (  997): Poll result = 1
I/WifiHAL (  997): Found some events!!!
D/WifiHAL (  997): no_seq_check received
I/WifiHAL (  997): event received NL80211_CMD_NEW_SCAN_RESULTS
I/WifiHAL (  997): event received NL80211_CMD_NEW_SCAN_RESULTS, vendor_id = 0x0
I/WifiHAL (  997): event ignored!!
D/wpa_supplicant( 1804): wlan0: Control interface command 'BSS RANGE=0- MASK=0x23987'
D/wpa_supplicant( 1804): wlan0: Control interface command 'STATUS-NO_EVENTS'
D/wpa_supplicant( 1804): wlan0: Control interface command 'SIGNAL_POLL'
D/Ulp_jni (  997): Location CB invoked
W/DNSIncoming(13488): There was an OPT answer. Not currently handled. Option code: 65002 data: 5A968B9961DEE8DF
D/wpa_supplicant( 1804): wlan0: Control interface command 'SIGNAL_POLL'
D/wpa_supplicant( 1804): wlan0: Control interface command 'SIGNAL_POLL'
D/wpa_supplicant( 1804): wlan0: Control interface command 'SIGNAL_POLL'
D/Ulp_jni (  997): Location CB invoked
W/DNSIncoming(13488): There was an OPT answer. Not currently handled. Option code: 65002 data: 5A968B9961DEE8DF
D/wpa_supplicant( 1804): wlan0: Control interface command 'SIGNAL_POLL'
W/DNSIncoming(13488): There was an OPT answer. Not currently handled. Option code: 65002 data: 5A968B9961DEE8DF
W/DNSIncoming(13488): There was an OPT answer. Not currently handled. Option code: 65002 data: 4DEEA9E8D05BC127
D/wpa_supplicant( 1804): wlan0: Control interface command 'SIGNAL_POLL'
W/DNSIncoming(13488): There was an OPT answer. Not currently handled. Option code: 65002 data: 4DEEA9E8D05BC127
W/DNSIncoming(13488): There was an OPT answer. Not currently handled. Option code: 65002 data: 4DEEA9E8D05BC127
W/DNSIncoming(13488): There was an OPT answer. Not currently handled. Option code: 65002 data: 6A953B16F6656CB4
D/wpa_supplicant( 1804): wlan0: Control interface command 'SIGNAL_POLL'
E/WifiStateMachine(  997): WifiStateMachine CMD_START_SCAN source -2 txSuccessRate=0.00 rxSuccessRate=35.29 targetRoamBSSID=any RSSI=-46
E/WifiStateMachine(  997): WifiStateMachine starting scan for "yixia_5g"WPA_PSK with 5745,5805,5765,5785
D/wpa_supplicant( 1804): wlan0: Control interface command 'SCAN TYPE=ONLY freq=5745,5805,5765,5785'
D/wpa_supplicant( 1804): wlan0: Setting scan request: 0.000000 sec
D/wpa_supplicant( 1804): wlan0: Starting AP scan for wildcard SSID
D/wpa_supplicant( 1804): wlan0: Limit manual scan to specified channels
D/wpa_supplicant( 1804): wlan0: Add radio work 'scan'@0x7f9dc1e4c0
D/wpa_supplicant( 1804): wlan0: First radio work item in the queue - schedule start immediately
D/wpa_supplicant( 1804): wlan0: Starting radio work 'scan'@0x7f9dc1e4c0 after 0.000089 second wait
D/wpa_supplicant( 1804): wlan0: nl80211: scan request
D/wpa_supplicant( 1804): nl80211: Scan SSID - hexdump(len=0): [NULL]
D/wpa_supplicant( 1804): nl80211: Scan frequency 5745 MHz
D/wpa_supplicant( 1804): nl80211: Scan frequency 5765 MHz
D/wpa_supplicant( 1804): nl80211: Scan frequency 5785 MHz
D/wpa_supplicant( 1804): nl80211: Scan frequency 5805 MHz
D/wpa_supplicant( 1804): Scan requested (ret=0) - scan timeout 30 seconds
D/wpa_supplicant( 1804): nl80211: Event message available
D/wpa_supplicant( 1804): nl80211: Drv Event 33 (NL80211_CMD_TRIGGER_SCAN) received for wlan0
D/wpa_supplicant( 1804): wlan0: nl80211: Scan trigger
D/wpa_supplicant( 1804): wlan0: Event SCAN_STARTED (49) received
I/WifiHAL (  997): Poll result = 1
I/WifiHAL (  997): Found some events!!!
D/wpa_supplicant( 1804): wlan0: Own scan request started a scan in 0.000219 seconds
I/wpa_supplicant( 1804): wlan0: CTRL-EVENT-SCAN-STARTED 
D/WifiHAL (  997): no_seq_check received
I/WifiHAL (  997): event received NL80211_CMD_TRIGGER_SCAN
I/WifiHAL (  997): event received NL80211_CMD_TRIGGER_SCAN, vendor_id = 0x0
I/WifiHAL (  997): event ignored!!
D/wpa_supplicant( 1804): CTRL_IFACE monitor sent successfully to /data/misc/wifi/sockets/wpa_ctrl_455-1\x00
D/wpa_supplicant( 1804): CTRL_IFACE monitor sent successfully to /data/misc/wifi/sockets/wpa_ctrl_997-2\x00
D/wpa_supplicant( 1804): nl80211: Event message available
D/wpa_supplicant( 1804): nl80211: Drv Event 34 (NL80211_CMD_NEW_SCAN_RESULTS) received for wlan0
D/wpa_supplicant( 1804): wlan0: nl80211: New scan results available
D/wpa_supplicant( 1804): nl80211: Scan included frequencies:
D/wpa_supplicant( 1804): wlan0: Event SCAN_RESULTS (3) received
D/wpa_supplicant( 1804): wlan0: Scan completed in 0.718114 seconds
D/wpa_supplicant( 1804): nl80211: Associated on 5745 MHz
D/wpa_supplicant( 1804): nl80211: Associated with 2c:e6:cc:3c:b2:9c
D/wpa_supplicant( 1804): nl80211: Received scan results (12 BSSes)
D/wpa_supplicant( 1804): nl80211: Scan results indicate BSS status with 2c:e6:cc:3c:b2:9c as associated
D/wpa_supplicant( 1804): wlan0: BSS: Start scan result update 111
D/wpa_supplicant( 1804): BSS: last_scan_res_used=12/32
D/wpa_supplicant( 1804): wlan0: Scan-only results received
D/wpa_supplicant( 1804): CTRL_IFACE monitor sent successfully to /data/misc/wifi/sockets/wpa_ctrl_455-1\x00
D/wpa_supplicant( 1804): CTRL_IFACE monitor sent successfully to /data/misc/wifi/sockets/wpa_ctrl_997-2\x00
D/wpa_supplicant( 1804): wlan0: Radio work 'scan'@0x7f9dc1e4c0 done in 0.724135 seconds
I/WifiHAL (  997): Poll result = 1
I/WifiHAL (  997): Found some events!!!
D/WifiHAL (  997): no_seq_check received
I/WifiHAL (  997): event received NL80211_CMD_NEW_SCAN_RESULTS
I/WifiHAL (  997): event received NL80211_CMD_NEW_SCAN_RESULTS, vendor_id = 0x0
I/WifiHAL (  997): event ignored!!
D/wpa_supplicant( 1804): wlan0: Control interface command 'BSS RANGE=0- MASK=0x23987'
D/wpa_supplicant( 1804): wlan0: Control interface command 'STATUS-NO_EVENTS'
D/wpa_supplicant( 1804): wlan0: Control interface command 'SIGNAL_POLL'
D/Ulp_jni (  997): Location CB invoked
D/wpa_supplicant( 1804): wlan0: Control interface command 'SIGNAL_POLL'
D/wpa_supplicant( 1804): wlan0: Control interface command 'SIGNAL_POLL'
W/DNSIncoming(13488): There was an OPT answer. Not currently handled. Option code: 65002 data: 6A953B16F6656CB4
W/DNSIncoming(13488): There was an OPT answer. Not currently handled. Option code: 65002 data: 4DEEA9E8D05BC127
W/DNSIncoming(13488): There was an OPT answer. Not currently handled. Option code: 65002 data: 9E3BB64F07AEBD77
D/wpa_supplicant( 1804): wlan0: Control interface command 'SIGNAL_POLL'
I/art     (  997): Background sticky concurrent mark sweep GC freed 99871(6MB) AllocSpace objects, 161(3MB) LOS objects, 13% free, 51MB/59MB, paused 2.581ms total 166.826ms
D/Ulp_jni (  997): Location CB invoked
W/PushService( 1449): 2015-07-02 18:28:06,034 - [WARN::PushService] - [Thread:1] Service called on timer
D/wpa_supplicant( 1804): wlan0: Control interface command 'SIGNAL_POLL'
D/wpa_supplicant( 1804): wlan0: Control interface command 'SIGNAL_POLL'
E/WifiStateMachine(  997): WifiStateMachine CMD_START_SCAN source -2 txSuccessRate=0.50 rxSuccessRate=29.30 targetRoamBSSID=any RSSI=-52
E/WifiStateMachine(  997): WifiStateMachine starting scan for "yixia_5g"WPA_PSK with 5745,5805,5765,5785
D/wpa_supplicant( 1804): wlan0: Control interface command 'SCAN TYPE=ONLY freq=5745,5805,5765,5785'
D/wpa_supplicant( 1804): wlan0: Setting scan request: 0.000000 sec
D/wpa_supplicant( 1804): wlan0: Starting AP scan for wildcard SSID
D/wpa_supplicant( 1804): wlan0: Limit manual scan to specified channels
D/wpa_supplicant( 1804): wlan0: Add radio work 'scan'@0x7f9dc1e380
D/wpa_supplicant( 1804): wlan0: First radio work item in the queue - schedule start immediately
D/wpa_supplicant( 1804): wlan0: Starting radio work 'scan'@0x7f9dc1e380 after 0.000103 second wait
D/wpa_supplicant( 1804): wlan0: nl80211: scan request
D/wpa_supplicant( 1804): nl80211: Scan SSID - hexdump(len=0): [NULL]
D/wpa_supplicant( 1804): nl80211: Scan frequency 5745 MHz
D/wpa_supplicant( 1804): nl80211: Scan frequency 5765 MHz
D/wpa_supplicant( 1804): nl80211: Scan frequency 5785 MHz
D/wpa_supplicant( 1804): nl80211: Scan frequency 5805 MHz
D/wpa_supplicant( 1804): Scan requested (ret=0) - scan timeout 30 seconds
D/wpa_supplicant( 1804): nl80211: Event message available
D/wpa_supplicant( 1804): nl80211: Drv Event 33 (NL80211_CMD_TRIGGER_SCAN) received for wlan0
D/wpa_supplicant( 1804): wlan0: nl80211: Scan trigger
D/wpa_supplicant( 1804): wlan0: Event SCAN_STARTED (49) received
D/wpa_supplicant( 1804): wlan0: Own scan request started a scan in 0.000206 seconds
I/wpa_supplicant( 1804): wlan0: CTRL-EVENT-SCAN-STARTED 
D/wpa_supplicant( 1804): CTRL_IFACE monitor sent successfully to /data/misc/wifi/sockets/wpa_ctrl_455-1\x00
D/wpa_supplicant( 1804): CTRL_IFACE monitor sent successfully to /data/misc/wifi/sockets/wpa_ctrl_997-2\x00
I/WifiHAL (  997): Poll result = 1
I/WifiHAL (  997): Found some events!!!
D/WifiHAL (  997): no_seq_check received
I/WifiHAL (  997): event received NL80211_CMD_TRIGGER_SCAN
I/WifiHAL (  997): event received NL80211_CMD_TRIGGER_SCAN, vendor_id = 0x0
I/WifiHAL (  997): event ignored!!
D/wpa_supplicant( 1804): nl80211: Event message available
D/wpa_supplicant( 1804): nl80211: Drv Event 34 (NL80211_CMD_NEW_SCAN_RESULTS) received for wlan0
D/wpa_supplicant( 1804): wlan0: nl80211: New scan results available
D/wpa_supplicant( 1804): nl80211: Scan included frequencies:
D/wpa_supplicant( 1804): wlan0: Event SCAN_RESULTS (3) received
D/wpa_supplicant( 1804): wlan0: Scan completed in 0.721715 seconds
D/wpa_supplicant( 1804): nl80211: Associated on 5745 MHz
D/wpa_supplicant( 1804): nl80211: Associated with 2c:e6:cc:3c:b2:9c
D/wpa_supplicant( 1804): nl80211: Received scan results (11 BSSes)
D/wpa_supplicant( 1804): nl80211: Scan results indicate BSS status with 2c:e6:cc:3c:b2:9c as associated
D/wpa_supplicant( 1804): wlan0: BSS: Start scan result update 112
D/wpa_supplicant( 1804): wlan0: BSS: Remove id 290 BSSID 2c:e6:cc:3c:b2:98 SSID 'yixia' due to no match in scan
D/wpa_supplicant( 1804): CTRL_IFACE monitor sent successfully to /data/misc/wifi/sockets/wpa_ctrl_455-1\x00
D/wpa_supplicant( 1804): CTRL_IFACE monitor sent successfully to /data/misc/wifi/sockets/wpa_ctrl_997-2\x00
D/wpa_supplicant( 1804): wlan0: BSS: Remove id 299 BSSID f0:b4:79:14:83:c6 SSID 'Wan' due to no match in scan
D/wpa_supplicant( 1804): CTRL_IFACE monitor sent successfully to /data/misc/wifi/sockets/wpa_ctrl_455-1\x00
D/wpa_supplicant( 1804): CTRL_IFACE monitor sent successfully to /data/misc/wifi/sockets/wpa_ctrl_997-2\x00
D/wpa_supplicant( 1804): wlan0: BSS: Remove id 322 BSSID 6c:aa:b3:39:52:f8 SSID 'yixia' due to no match in scan
D/wpa_supplicant( 1804): CTRL_IFACE monitor sent successfully to /data/misc/wifi/sockets/wpa_ctrl_455-1\x00
D/wpa_supplicant( 1804): CTRL_IFACE monitor sent successfully to /data/misc/wifi/sockets/wpa_ctrl_997-2\x00
D/wpa_supplicant( 1804): wlan0: BSS: Remove id 296 BSSID 42:10:b3:82:48:01 SSID 'cai' due to no match in scan
D/wpa_supplicant( 1804): CTRL_IFACE monitor sent successfully to /data/misc/wifi/sockets/wpa_ctrl_455-1\x00
D/wpa_supplicant( 1804): CTRL_IFACE monitor sent successfully to /data/misc/wifi/sockets/wpa_ctrl_997-2\x00
D/wpa_supplicant( 1804): wlan0: BSS: Remove id 294 BSSID f4:f9:51:e6:32:78 SSID 'UED' due to no match in scan
D/wpa_supplicant( 1804): CTRL_IFACE monitor sent successfully to /data/misc/wifi/sockets/wpa_ctrl_455-1\x00
D/wpa_supplicant( 1804): CTRL_IFACE monitor sent successfully to /data/misc/wifi/sockets/wpa_ctrl_997-2\x00
D/wpa_supplicant( 1804): wlan0: BSS: Remove id 330 BSSID c8:e0:eb:36:64:0d SSID 'dalin_at_mac' due to no match in scan
D/wpa_supplicant( 1804): CTRL_IFACE monitor sent successfully to /data/misc/wifi/sockets/wpa_ctrl_455-1\x00
D/wpa_supplicant( 1804): CTRL_IFACE monitor sent successfully to /data/misc/wifi/sockets/wpa_ctrl_997-2\x00
D/wpa_supplicant( 1804): wlan0: BSS: Remove id 318 BSSID 6c:aa:b3:39:86:c8 SSID 'yixia' due to no match in scan
D/wpa_supplicant( 1804): CTRL_IFACE monitor sent successfully to /data/misc/wifi/sockets/wpa_ctrl_455-1\x00
D/wpa_supplicant( 1804): CTRL_IFACE monitor sent successfully to /data/misc/wifi/sockets/wpa_ctrl_997-2\x00
D/wpa_supplicant( 1804): wlan0: BSS: Remove id 319 BSSID 6c:aa:b3:79:86:c8 SSID 'yixia_hr' due to no match in scan
D/wpa_supplicant( 1804): CTRL_IFACE monitor sent successfully to /data/misc/wifi/sockets/wpa_ctrl_455-1\x00
D/wpa_supplicant( 1804): CTRL_IFACE monitor sent successfully to /data/misc/wifi/sockets/wpa_ctrl_997-2\x00
D/wpa_supplicant( 1804): wlan0: BSS: Remove id 328 BSSID 60:de:44:77:31:e2 SSID 'MEETING' due to no match in scan
D/wpa_supplicant( 1804): CTRL_IFACE monitor sent successfully to /data/misc/wifi/sockets/wpa_ctrl_455-1\x00
D/wpa_supplicant( 1804): CTRL_IFACE monitor sent successfully to /data/misc/wifi/sockets/wpa_ctrl_997-2\x00
D/wpa_supplicant( 1804): wlan0: BSS: Remove id 329 BSSID 58:1f:28:ce:dc:3a SSID '1998081' due to no match in scan
D/wpa_supplicant( 1804): CTRL_IFACE monitor sent successfully to /data/misc/wifi/sockets/wpa_ctrl_455-1\x00
D/wpa_supplicant( 1804): CTRL_IFACE monitor sent successfully to /data/misc/wifi/sockets/wpa_ctrl_997-2\x00
D/wpa_supplicant( 1804): BSS: last_scan_res_used=11/32
D/wpa_supplicant( 1804): wlan0: Scan-only results received
D/wpa_supplicant( 1804): CTRL_IFACE monitor sent successfully to /data/misc/wifi/sockets/wpa_ctrl_455-1\x00
D/wpa_supplicant( 1804): CTRL_IFACE monitor sent successfully to /data/misc/wifi/sockets/wpa_ctrl_997-2\x00
D/wpa_supplicant( 1804): wlan0: Radio work 'scan'@0x7f9dc1e380 done in 0.727991 seconds
I/WifiHAL (  997): Poll result = 1
I/WifiHAL (  997): Found some events!!!
D/WifiHAL (  997): no_seq_check received
I/WifiHAL (  997): event received NL80211_CMD_NEW_SCAN_RESULTS
I/WifiHAL (  997): event received NL80211_CMD_NEW_SCAN_RESULTS, vendor_id = 0x0
I/WifiHAL (  997): event ignored!!
D/wpa_supplicant( 1804): wlan0: Control interface command 'BSS RANGE=0- MASK=0x23987'
D/wpa_supplicant( 1804): wlan0: Control interface command 'STATUS-NO_EVENTS'
D/wpa_supplicant( 1804): wlan0: Control interface command 'SIGNAL_POLL'
D/Ulp_jni (  997): Location CB invoked
D/wpa_supplicant( 1804): wlan0: Control interface command 'SIGNAL_POLL'
W/DNSIncoming(13488): There was an OPT answer. Not currently handled. Option code: 65002 data: F6C84DEF0A77A341
W/DNSIncoming(13488): There was an OPT answer. Not currently handled. Option code: 65002 data: 591DCBF3F38867FD
D/wpa_supplicant( 1804): wlan0: Control interface command 'SIGNAL_POLL'
W/PushService( 1449): 2015-07-02 18:28:21,053 - [WARN::PushService] - [Thread:49] JOB: check the ping-pong.
D/wpa_supplicant( 1804): wlan0: Control interface command 'SIGNAL_POLL'
D/Ulp_jni (  997): Location CB invoked
D/wpa_supplicant( 1804): wlan0: Control interface command 'SIGNAL_POLL'
D/wpa_supplicant( 1804): wlan0: Control interface command 'SIGNAL_POLL'
D/wpa_supplicant( 1804): wlan0: Control interface command 'SIGNAL_POLL'
E/WifiStateMachine(  997): WifiStateMachine CMD_START_SCAN source -2 txSuccessRate=0.00 rxSuccessRate=16.13 targetRoamBSSID=any RSSI=-53
E/WifiStateMachine(  997): WifiStateMachine starting scan for "yixia_5g"WPA_PSK with 5745,5805,5765,5785
D/wpa_supplicant( 1804): wlan0: Control interface command 'SCAN TYPE=ONLY freq=5745,5805,5765,5785'
D/wpa_supplicant( 1804): wlan0: Setting scan request: 0.000000 sec
D/wpa_supplicant( 1804): wlan0: Starting AP scan for wildcard SSID
D/wpa_supplicant( 1804): wlan0: Limit manual scan to specified channels
D/wpa_supplicant( 1804): wlan0: Add radio work 'scan'@0x7f9dc1e4c0
D/wpa_supplicant( 1804): wlan0: First radio work item in the queue - schedule start immediately
D/wpa_supplicant( 1804): wlan0: Starting radio work 'scan'@0x7f9dc1e4c0 after 0.000094 second wait
D/wpa_supplicant( 1804): wlan0: nl80211: scan request
D/wpa_supplicant( 1804): nl80211: Scan SSID - hexdump(len=0): [NULL]
D/wpa_supplicant( 1804): nl80211: Scan frequency 5745 MHz
D/wpa_supplicant( 1804): nl80211: Scan frequency 5765 MHz
D/wpa_supplicant( 1804): nl80211: Scan frequency 5785 MHz
D/wpa_supplicant( 1804): nl80211: Scan frequency 5805 MHz
D/wpa_supplicant( 1804): Scan requested (ret=0) - scan timeout 30 seconds
D/wpa_supplicant( 1804): nl80211: Event message available
D/wpa_supplicant( 1804): nl80211: Drv Event 33 (NL80211_CMD_TRIGGER_SCAN) received for wlan0
D/wpa_supplicant( 1804): wlan0: nl80211: Scan trigger
D/wpa_supplicant( 1804): wlan0: Event SCAN_STARTED (49) received
D/wpa_supplicant( 1804): wlan0: Own scan request started a scan in 0.000212 seconds
I/wpa_supplicant( 1804): wlan0: CTRL-EVENT-SCAN-STARTED 
D/wpa_supplicant( 1804): CTRL_IFACE monitor sent successfully to /data/misc/wifi/sockets/wpa_ctrl_455-1\x00
D/wpa_supplicant( 1804): CTRL_IFACE monitor sent successfully to /data/misc/wifi/sockets/wpa_ctrl_997-2\x00
I/WifiHAL (  997): Poll result = 1
I/WifiHAL (  997): Found some events!!!
D/WifiHAL (  997): no_seq_check received
I/WifiHAL (  997): event received NL80211_CMD_TRIGGER_SCAN
I/WifiHAL (  997): event received NL80211_CMD_TRIGGER_SCAN, vendor_id = 0x0
I/WifiHAL (  997): event ignored!!
D/wpa_supplicant( 1804): nl80211: Event message available
D/wpa_supplicant( 1804): nl80211: Drv Event 34 (NL80211_CMD_NEW_SCAN_RESULTS) received for wlan0
D/wpa_supplicant( 1804): wlan0: nl80211: New scan results available
D/wpa_supplicant( 1804): nl80211: Scan included frequencies:
D/wpa_supplicant( 1804): wlan0: Event SCAN_RESULTS (3) received
D/wpa_supplicant( 1804): wlan0: Scan completed in 0.713746 seconds
D/wpa_supplicant( 1804): nl80211: Associated on 5745 MHz
D/wpa_supplicant( 1804): nl80211: Associated with 2c:e6:cc:3c:b2:9c
D/wpa_supplicant( 1804): nl80211: Received scan results (11 BSSes)
D/wpa_supplicant( 1804): nl80211: Scan results indicate BSS status with 2c:e6:cc:3c:b2:9c as associated
D/wpa_supplicant( 1804): wlan0: BSS: Start scan result update 113
D/wpa_supplicant( 1804): wlan0: BSS: Remove id 291 BSSID 2c:e6:cc:3c:af:c8 SSID 'yixia' due to no match in scan
D/wpa_supplicant( 1804): CTRL_IFACE monitor sent successfully to /data/misc/wifi/sockets/wpa_ctrl_455-1\x00
D/wpa_supplicant( 1804): CTRL_IFACE monitor sent successfully to /data/misc/wifi/sockets/wpa_ctrl_997-2\x00
D/wpa_supplicant( 1804): BSS: last_scan_res_used=11/32
D/wpa_supplicant( 1804): wlan0: Scan-only results received
D/wpa_supplicant( 1804): CTRL_IFACE monitor sent successfully to /data/misc/wifi/sockets/wpa_ctrl_455-1\x00
D/wpa_supplicant( 1804): CTRL_IFACE monitor sent successfully to /data/misc/wifi/sockets/wpa_ctrl_997-2\x00
D/wpa_supplicant( 1804): wlan0: Radio work 'scan'@0x7f9dc1e4c0 done in 0.716970 seconds
I/WifiHAL (  997): Poll result = 1
I/WifiHAL (  997): Found some events!!!
D/WifiHAL (  997): no_seq_check received
I/WifiHAL (  997): event received NL80211_CMD_NEW_SCAN_RESULTS
I/WifiHAL (  997): event received NL80211_CMD_NEW_SCAN_RESULTS, vendor_id = 0x0
I/WifiHAL (  997): event ignored!!
D/wpa_supplicant( 1804): wlan0: Control interface command 'BSS RANGE=0- MASK=0x23987'
D/wpa_supplicant( 1804): wlan0: Control interface command 'STATUS-NO_EVENTS'
D/wpa_supplicant( 1804): wlan0: Control interface command 'SIGNAL_POLL'
D/Ulp_jni (  997): Location CB invoked
D/wpa_supplicant( 1804): wlan0: Control interface command 'SIGNAL_POLL'
D/wpa_supplicant( 1804): wlan0: Control interface command 'SIGNAL_POLL'
D/wpa_supplicant( 1804): wlan0: Control interface command 'SIGNAL_POLL'
I/MSM-irqbalance(  673): Decided to move IRQ51 from CPU0 to CPU1
D/Ulp_jni (  997): Location CB invoked
D/wpa_supplicant( 1804): wlan0: Control interface command 'SIGNAL_POLL'
D/wpa_supplicant( 1804): wlan0: Control interface command 'SIGNAL_POLL'
I/MSM-irqbalance(  673): Decided to move IRQ215 from CPU0 to CPU1
E/WifiStateMachine(  997): WifiStateMachine CMD_START_SCAN source -2 txSuccessRate=0.00 rxSuccessRate=16.24 targetRoamBSSID=any RSSI=-52
E/WifiStateMachine(  997): WifiStateMachine starting scan for "yixia_5g"WPA_PSK with 5745,5805,5765,5785
D/wpa_supplicant( 1804): wlan0: Control interface command 'SCAN TYPE=ONLY freq=5745,5805,5765,5785'
D/wpa_supplicant( 1804): wlan0: Setting scan request: 0.000000 sec
D/wpa_supplicant( 1804): wlan0: Starting AP scan for wildcard SSID
D/wpa_supplicant( 1804): wlan0: Limit manual scan to specified channels
D/wpa_supplicant( 1804): wlan0: Add radio work 'scan'@0x7f9dc1e380
D/wpa_supplicant( 1804): wlan0: First radio work item in the queue - schedule start immediately
D/wpa_supplicant( 1804): wlan0: Starting radio work 'scan'@0x7f9dc1e380 after 0.000090 second wait
D/wpa_supplicant( 1804): wlan0: nl80211: scan request
D/wpa_supplicant( 1804): nl80211: Scan SSID - hexdump(len=0): [NULL]
D/wpa_supplicant( 1804): nl80211: Scan frequency 5745 MHz
D/wpa_supplicant( 1804): nl80211: Scan frequency 5765 MHz
D/wpa_supplicant( 1804): nl80211: Scan frequency 5785 MHz
D/wpa_supplicant( 1804): nl80211: Scan frequency 5805 MHz
D/wpa_supplicant( 1804): Scan requested (ret=0) - scan timeout 30 seconds
D/wpa_supplicant( 1804): nl80211: Event message available
D/wpa_supplicant( 1804): nl80211: Drv Event 33 (NL80211_CMD_TRIGGER_SCAN) received for wlan0
D/wpa_supplicant( 1804): wlan0: nl80211: Scan trigger
D/wpa_supplicant( 1804): wlan0: Event SCAN_STARTED (49) received
D/wpa_supplicant( 1804): wlan0: Own scan request started a scan in 0.000216 seconds
I/wpa_supplicant( 1804): wlan0: CTRL-EVENT-SCAN-STARTED 
D/wpa_supplicant( 1804): CTRL_IFACE monitor sent successfully to /data/misc/wifi/sockets/wpa_ctrl_455-1\x00
D/wpa_supplicant( 1804): CTRL_IFACE monitor sent successfully to /data/misc/wifi/sockets/wpa_ctrl_997-2\x00
I/WifiHAL (  997): Poll result = 1
I/WifiHAL (  997): Found some events!!!
D/WifiHAL (  997): no_seq_check received
I/WifiHAL (  997): event received NL80211_CMD_TRIGGER_SCAN
I/WifiHAL (  997): event received NL80211_CMD_TRIGGER_SCAN, vendor_id = 0x0
I/WifiHAL (  997): event ignored!!
D/wpa_supplicant( 1804): wlan0: Control interface command 'SIGNAL_POLL'
D/wpa_supplicant( 1804): nl80211: Event message available
D/wpa_supplicant( 1804): nl80211: Drv Event 34 (NL80211_CMD_NEW_SCAN_RESULTS) received for wlan0
D/wpa_supplicant( 1804): wlan0: nl80211: New scan results available
D/wpa_supplicant( 1804): nl80211: Scan included frequencies:
D/wpa_supplicant( 1804): wlan0: Event SCAN_RESULTS (3) received
D/wpa_supplicant( 1804): wlan0: Scan completed in 0.720624 seconds
D/wpa_supplicant( 1804): nl80211: Associated on 5745 MHz
D/wpa_supplicant( 1804): nl80211: Associated with 2c:e6:cc:3c:b2:9c
D/wpa_supplicant( 1804): nl80211: Received scan results (11 BSSes)
D/wpa_supplicant( 1804): nl80211: Scan results indicate BSS status with 2c:e6:cc:3c:b2:9c as associated
D/wpa_supplicant( 1804): wlan0: BSS: Start scan result update 114
D/wpa_supplicant( 1804): BSS: last_scan_res_used=11/32
D/wpa_supplicant( 1804): wlan0: Scan-only results received
D/wpa_supplicant( 1804): CTRL_IFACE monitor sent successfully to /data/misc/wifi/sockets/wpa_ctrl_455-1\x00
D/wpa_supplicant( 1804): CTRL_IFACE monitor sent successfully to /data/misc/wifi/sockets/wpa_ctrl_997-2\x00
D/wpa_supplicant( 1804): wlan0: Radio work 'scan'@0x7f9dc1e380 done in 0.723547 seconds
I/WifiHAL (  997): Poll result = 1
I/WifiHAL (  997): Found some events!!!
D/WifiHAL (  997): no_seq_check received
I/WifiHAL (  997): event received NL80211_CMD_NEW_SCAN_RESULTS
I/WifiHAL (  997): event received NL80211_CMD_NEW_SCAN_RESULTS, vendor_id = 0x0
I/WifiHAL (  997): event ignored!!
D/wpa_supplicant( 1804): wlan0: Control interface command 'BSS RANGE=0- MASK=0x23987'
D/wpa_supplicant( 1804): wlan0: Control interface command 'STATUS-NO_EVENTS'
I/MSM-irqbalance(  673): Decided to move IRQ216 from CPU0 to CPU1
D/Ulp_jni (  997): Location CB invoked
D/wpa_supplicant( 1804): wlan0: Control interface command 'SIGNAL_POLL'
D/wpa_supplicant( 1804): wlan0: Control interface command 'SIGNAL_POLL'
I/MSM-irqbalance(  673): Decided to move IRQ222 from CPU0 to CPU1
D/wpa_supplicant( 1804): wlan0: Control interface command 'SIGNAL_POLL'
D/wpa_supplicant( 1804): wlan0: Control interface command 'SIGNAL_POLL'
D/Ulp_jni (  997): Location CB invoked
D/wpa_supplicant( 1804): wlan0: Control interface command 'SIGNAL_POLL'
I/MSM-irqbalance(  673): Decided to move IRQ57 from CPU0 to CPU1
D/wpa_supplicant( 1804): wlan0: Control interface command 'SIGNAL_POLL'
W/DNSIncoming(13488): There was an OPT answer. Not currently handled. Option code: 65002 data: 56637E11555B77A9
E/WifiStateMachine(  997): WifiStateMachine CMD_START_SCAN source -2 txSuccessRate=0.00 rxSuccessRate=42.24 targetRoamBSSID=any RSSI=-54
E/WifiStateMachine(  997): WifiStateMachine starting scan for "yixia_5g"WPA_PSK with 5745,5805,5765,5785
D/wpa_supplicant( 1804): wlan0: Control interface command 'SCAN TYPE=ONLY freq=5745,5805,5765,5785'
D/wpa_supplicant( 1804): wlan0: Setting scan request: 0.000000 sec
D/wpa_supplicant( 1804): wlan0: Starting AP scan for wildcard SSID
D/wpa_supplicant( 1804): wlan0: Limit manual scan to specified channels
D/wpa_supplicant( 1804): wlan0: Add radio work 'scan'@0x7f9dc1e4c0
D/wpa_supplicant( 1804): wlan0: First radio work item in the queue - schedule start immediately
D/wpa_supplicant( 1804): wlan0: Starting radio work 'scan'@0x7f9dc1e4c0 after 0.000096 second wait
D/wpa_supplicant( 1804): wlan0: nl80211: scan request
D/wpa_supplicant( 1804): nl80211: Scan SSID - hexdump(len=0): [NULL]
D/wpa_supplicant( 1804): nl80211: Scan frequency 5745 MHz
D/wpa_supplicant( 1804): nl80211: Scan frequency 5765 MHz
D/wpa_supplicant( 1804): nl80211: Scan frequency 5785 MHz
D/wpa_supplicant( 1804): nl80211: Scan frequency 5805 MHz
D/wpa_supplicant( 1804): Scan requested (ret=0) - scan timeout 30 seconds
D/wpa_supplicant( 1804): nl80211: Event message available
D/wpa_supplicant( 1804): nl80211: Drv Event 33 (NL80211_CMD_TRIGGER_SCAN) received for wlan0
D/wpa_supplicant( 1804): wlan0: nl80211: Scan trigger
D/wpa_supplicant( 1804): wlan0: Event SCAN_STARTED (49) received
D/wpa_supplicant( 1804): wlan0: Own scan request started a scan in 0.000424 seconds
I/wpa_supplicant( 1804): wlan0: CTRL-EVENT-SCAN-STARTED 
D/wpa_supplicant( 1804): CTRL_IFACE monitor sent successfully to /data/misc/wifi/sockets/wpa_ctrl_455-1\x00
D/wpa_supplicant( 1804): CTRL_IFACE monitor sent successfully to /data/misc/wifi/sockets/wpa_ctrl_997-2\x00
I/WifiHAL (  997): Poll result = 1
I/WifiHAL (  997): Found some events!!!
D/WifiHAL (  997): no_seq_check received
I/WifiHAL (  997): event received NL80211_CMD_TRIGGER_SCAN
I/WifiHAL (  997): event received NL80211_CMD_TRIGGER_SCAN, vendor_id = 0x0
I/WifiHAL (  997): event ignored!!
W/DNSIncoming(13488): There was an OPT answer. Not currently handled. Option code: 65002 data: 56637E11555B77A9
W/DNSIncoming(13488): There was an OPT answer. Not currently handled. Option code: 65002 data: 56637E11555B77A9
D/wpa_supplicant( 1804): nl80211: Event message available
D/wpa_supplicant( 1804): nl80211: Drv Event 34 (NL80211_CMD_NEW_SCAN_RESULTS) received for wlan0
D/wpa_supplicant( 1804): wlan0: nl80211: New scan results available
D/wpa_supplicant( 1804): nl80211: Scan included frequencies:
D/wpa_supplicant( 1804): wlan0: Event SCAN_RESULTS (3) received
D/wpa_supplicant( 1804): wlan0: Scan completed in 0.714413 seconds
D/wpa_supplicant( 1804): nl80211: Associated on 5745 MHz
D/wpa_supplicant( 1804): nl80211: Associated with 2c:e6:cc:3c:b2:9c
D/wpa_supplicant( 1804): nl80211: Received scan results (11 BSSes)
D/wpa_supplicant( 1804): nl80211: Scan results indicate BSS status with 2c:e6:cc:3c:b2:9c as associated
D/wpa_supplicant( 1804): wlan0: BSS: Start scan result update 115
D/wpa_supplicant( 1804): BSS: last_scan_res_used=11/32
D/wpa_supplicant( 1804): wlan0: Scan-only results received
D/wpa_supplicant( 1804): CTRL_IFACE monitor sent successfully to /data/misc/wifi/sockets/wpa_ctrl_455-1\x00
D/wpa_supplicant( 1804): CTRL_IFACE monitor sent successfully to /data/misc/wifi/sockets/wpa_ctrl_997-2\x00
D/wpa_supplicant( 1804): wlan0: Radio work 'scan'@0x7f9dc1e4c0 done in 0.717431 seconds
I/WifiHAL (  997): Poll result = 1
I/WifiHAL (  997): Found some events!!!
D/WifiHAL (  997): no_seq_check received
I/WifiHAL (  997): event received NL80211_CMD_NEW_SCAN_RESULTS
I/WifiHAL (  997): event received NL80211_CMD_NEW_SCAN_RESULTS, vendor_id = 0x0
I/WifiHAL (  997): event ignored!!
D/wpa_supplicant( 1804): wlan0: Control interface command 'BSS RANGE=0- MASK=0x23987'
D/wpa_supplicant( 1804): wlan0: Control interface command 'STATUS-NO_EVENTS'
D/wpa_supplicant( 1804): wlan0: Control interface command 'SIGNAL_POLL'
W/DNSIncoming(13488): There was an OPT answer. Not currently handled. Option code: 65002 data: 56637E11555B77A9
D/Ulp_jni (  997): Location CB invoked
D/wpa_supplicant( 1804): wlan0: Control interface command 'SIGNAL_POLL'
D/wpa_supplicant( 1804): wlan0: Control interface command 'SIGNAL_POLL'
D/wpa_supplicant( 1804): wlan0: Control interface command 'SIGNAL_POLL'
D/Ulp_jni (  997): Location CB invoked
D/wpa_supplicant( 1804): wlan0: Control interface command 'SIGNAL_POLL'
D/MSF.C.NetConnTag(13132): [E]pa ok: 62085
D/MSF.C.NetConnTag(13132): [E]netSend ssoSeq:62085 uin:*8871 cmd:346110978 62161
D/MSF.C.NetConnTag(13132): [E]netRecv ssoSeq:62085 uin:*8871 cmd:346110978 62197
D/MSF.C.NetConnTag(13132): [E]pa ok: 62086
D/MSF.C.NetConnTag(13132): [E]netSend ssoSeq:62086 uin:*8871 cmd:-2080616503 62314
D/MSF.C.NetConnTag(13132): [E]netRecv ssoSeq:62086 uin:*8871 cmd:-2080616503 62822
