D/WifiStateMachine(  623): ConnectedState{ what=131155 when=-4ms arg1=11 }
D/StateMachine(  623): processMsg: L2ConnectedState
D/WifiStateMachine(  623): L2ConnectedState{ what=131155 when=-4ms arg1=11 }
E/WifiHW  (  623): wifi_send_command : SIGNAL_POLL ; interface index=0;
D/StateMachine(  623): handleMessage: X
W/SignalStrength(  740): getLTELevel - rsrp:2147483647 snr:2147483647 rsrpIconLevel:-1 snrIconLevel:-1
W/SignalStrength(  740): getLTELevel - rssi:99 rssiIconLevel:0
W/SignalStrength(  740): getGsmLevel=0
W/SignalStrength(  740): getLevel=0
E/dalvikvm(  150): GC_EXPLICIT freed 39K, 43% free 8068K/13955K, paused 2ms+13ms, total 45ms
D/dalvikvm(  150): WAIT_FOR_CONCURRENT_GC blocked 0ms
D/CoreDaemon(32518): enableStartDaemonProcess enable=true
E/dalvikvm(  150): GC_EXPLICIT freed <1K, 43% free 8068K/13955K, paused 2ms+1ms, total 47ms
D/dalvikvm(  150): WAIT_FOR_CONCURRENT_GC blocked 0ms
--------- beginning of /dev/log/system
V/AlarmManager(  623): 13: 7  06 01:56:34  com.qiyi.video
V/AlarmManager(  623): 14: 7  06 01:56:36  com.qiyi.video
V/AlarmManager(  623): 15: 7  06 01:56:37  com.qiyi.video
V/AlarmManager(  623): 16: 7  06 01:56:39  com.qiyi.video
V/AlarmManager(  623): 17: 7  06 01:56:40  com.qiyi.video
V/AlarmManager(  623): 18: 7  06 01:56:42  com.qiyi.video
V/AlarmManager(  623): 19: 7  06 01:56:43  com.qiyi.video
V/AlarmManager(  623): 20: 7  06 01:56:43  com.qiyi.video
V/AlarmManager(  623): 21: 7  06 01:56:44  com.qiyi.video
V/AlarmManager(  623): 22: 7  06 01:56:46  com.qiyi.video
V/AlarmManager(  623): 23: 7  06 01:56:47  com.qiyi.video
V/AlarmManager(  623): 24: 7  06 01:56:49  com.qiyi.video
V/AlarmManager(  623): 25: 7  06 01:56:50  com.qiyi.video
V/AlarmManager(  623): 26: 7  06 01:56:52  com.qiyi.video
V/AlarmManager(  623): 27: 7  06 01:56:53  com.qiyi.video
V/AlarmManager(  623): 28: 7  06 01:56:55  com.qiyi.video
V/AlarmManager(  623): 29: 7  06 01:56:56  com.qiyi.video
V/AlarmManager(  623): 30: 7  06 01:56:58  com.qiyi.video
V/AlarmManager(  623): 31: 7  06 01:56:59  com.qiyi.video
V/AlarmManager(  623): 32: 7  06 01:57:00  com.qiyi.video
V/AlarmManager(  623): 33: 7  06 01:57:02  com.qiyi.video
V/AlarmManager(  623): 34: 7  06 01:57:02  com.qiyi.video
V/AlarmManager(  623): 35: 7  06 01:57:03  com.qiyi.video
V/AlarmManager(  623): 36: 7  06 01:57:05  com.qiyi.video
V/AlarmManager(  623): 37: 7  06 01:57:05  com.qiyi.video
V/AlarmManager(  623): 38: 7  06 01:57:06  com.qiyi.video
V/AlarmManager(  623): 39: 7  06 01:57:08  com.qiyi.video
V/AlarmManager(  623): 40: 7  06 01:57:09  com.qiyi.video
V/AlarmManager(  623): 41: 7  06 01:57:11  com.qiyi.video
V/AlarmManager(  623): 42: 7  06 01:57:11  com.qiyi.video
V/AlarmManager(  623): 43: 7  06 01:57:12  com.qiyi.video
V/AlarmManager(  623): 44: 7  06 01:57:14  com.qiyi.video
V/AlarmManager(  623): 45: 7  06 01:57:15  com.qiyi.video
V/AlarmManager(  623): 46: 7  06 01:57:16  com.qiyi.video
V/AlarmManager(  623): 47: 7  06 01:57:18  com.qiyi.video
V/AlarmManager(  623): 48: 7  06 01:57:19  com.qiyi.video
V/AlarmManager(  623): 49: 7  06 01:57:21  com.qiyi.video
E/dalvikvm(  150): GC_EXPLICIT freed <1K, 43% free 8068K/13955K, paused 2ms+2ms, total 35ms
D/MSimSignalClusterView(  740): subscription is invalid
E/Trace   (  311): error opening trace file: No such file or directory (2)
D/ActivityThread(  311): setTargetHeapUtilization:0.75
D/ActivityThread(  311): setTargetHeapIdealFree:8388608
D/ActivityThread(  311): setTargetHeapConcurrentStart:2097152
V/AlarmManager(  623): 50: 7  06 01:57:22  com.qiyi.video
V/AlarmManager(  623): 51: 7  06 01:57:24  com.qiyi.video
V/AlarmManager(  623): 52: 7  06 01:57:25  com.qiyi.video
V/AlarmManager(  623): 53: 7  06 01:57:27  com.qiyi.video
V/AlarmManager(  623): 54: 7  06 01:57:28  com.qiyi.video
V/AlarmManager(  623): 55: 7  06 01:57:30  com.qiyi.video
V/AlarmManager(  623): 56: 7  06 01:57:31  com.qiyi.video
V/AlarmManager(  623): 57: 7  06 01:57:33  com.qiyi.video
V/AlarmManager(  623): 58: 7  06 01:57:34  com.qiyi.video
V/AlarmManager(  623): 59: 7  06 01:57:35  com.qiyi.video
V/AlarmManager(  623): 60: 7  06 01:57:36  com.qiyi.video
V/AlarmManager(  623): 61: 7  06 01:57:37  com.qiyi.video
V/AlarmManager(  623): 62: 7  06 01:57:38  com.qiyi.video
V/AlarmManager(  623): 63: 7  06 01:57:40  com.qiyi.video
V/AlarmManager(  623): 64: 7  06 01:57:41  com.qiyi.video
V/AlarmManager(  623): 65: 7  06 01:57:43  com.qiyi.video
V/AlarmManager(  623): 66: 7  06 01:57:44  com.qiyi.video
V/AlarmManager(  623): 67: 7  06 01:57:45  com.qiyi.video
V/AlarmManager(  623): 68: 7  06 01:57:47  com.qiyi.video
V/AlarmManager(  623): 69: 7  06 01:57:48  com.qiyi.video
V/AlarmManager(  623): 70: 7  06 01:57:49  com.qiyi.video
V/AlarmManager(  623): 71: 7  06 01:57:50  com.qiyi.video
V/AlarmManager(  623): 72: 7  06 01:57:51  com.qiyi.video
V/AlarmManager(  623): 73: 7  06 01:57:53  com.qiyi.video
V/AlarmManager(  623): 74: 7  06 01:57:54  com.qiyi.video
V/AlarmManager(  623): 75: 7  06 01:57:55  com.qiyi.video
V/AlarmManager(  623): 76: 7  06 01:57:57  com.qiyi.video
V/AlarmManager(  623): 77: 7  06 01:57:58  com.qiyi.video
V/AlarmManager(  623): 78: 7  06 01:58:00  com.qiyi.video
V/AlarmManager(  623): 79: 7  06 01:58:01  com.qiyi.video
V/AlarmManager(  623): 80: 7  06 01:58:03  com.qiyi.video
V/AlarmManager(  623): 81: 7  06 01:58:04  com.qiyi.video
V/AlarmManager(  623): 82: 7  06 01:58:05  com.qiyi.video
V/AlarmManager(  623): 83: 7  06 01:58:07  com.qiyi.video
V/AlarmManager(  623): 84: 7  06 01:58:08  com.qiyi.video
V/AlarmManager(  623): 85: 7  06 01:58:10  com.qiyi.video
V/AlarmManager(  623): 86: 7  06 01:58:11  com.qiyi.video
V/AlarmManager(  623): 87: 7  06 01:58:13  com.qiyi.video
V/AlarmManager(  623): 88: 7  06 01:58:14  com.qiyi.video
V/AlarmManager(  623): 89: 7  06 01:58:16  com.qiyi.video
V/AlarmManager(  623): 90: 7  06 01:58:17  com.qiyi.video
V/AlarmManager(  623): 91: 7  06 01:58:19  com.qiyi.video
V/AlarmManager(  623): 92: 7  06 01:58:20  com.qiyi.video
V/AlarmManager(  623): 93: 7  06 01:58:21  com.qiyi.video
V/AlarmManager(  623): 94: 7  06 01:58:23  com.qiyi.video
V/AlarmManager(  623): 95: 7  06 01:58:24  com.qiyi.video
V/AlarmManager(  623): 96: 7  06 01:58:26  com.qiyi.video
V/AlarmManager(  623): 97: 7  06 01:58:27  com.qiyi.video
V/AlarmManager(  623): 98: 7  06 01:58:29  com.qiyi.video
V/AlarmManager(  623): 99: 7  06 01:58:30  com.qiyi.video
V/AlarmManager(  623): 100: 7  06 01:58:32  com.qiyi.video
V/AlarmManager(  623): 101: 7  06 01:58:33  com.qiyi.video
V/AlarmManager(  623): 102: 7  06 01:58:35  com.qiyi.video
V/AlarmManager(  623): 103: 7  06 01:58:36  com.qiyi.video
V/AlarmManager(  623): 104: 7  06 01:58:37  com.qiyi.video
V/AlarmManager(  623): 105: 7  06 01:58:39  com.qiyi.video
V/AlarmManager(  623): 106: 7  06 01:58:40  com.qiyi.video
V/AlarmManager(  623): 107: 7  06 01:58:42  com.qiyi.video
V/AlarmManager(  623): 108: 7  06 01:58:43  com.qiyi.video
V/AlarmManager(  623): 109: 7  06 01:58:46  com.qiyi.video
V/AlarmManager(  623): 110: 7  06 01:58:48  com.qiyi.video
V/AlarmManager(  623): 111: 7  06 01:58:49  com.qiyi.video
V/AlarmManager(  623): 112: 7  06 01:58:51  com.qiyi.video
V/AlarmManager(  623): 113: 7  06 01:58:51  com.qiyi.video
V/AlarmManager(  623): 114: 7  06 01:58:52  com.qiyi.video
V/AlarmManager(  623): 115: 7  06 01:58:54  com.qiyi.video
V/AlarmManager(  623): 116: 7  06 01:58:55  com.qiyi.video
D/MSimSignalClusterView(  740): subscription is invalid
D/MSimSignalClusterView(  740): subscription is invalid
D/MSimSignalClusterView(  740): subscription is invalid
D/dalvikvm(  311): WAIT_FOR_CONCURRENT_GC blocked 0ms
W/dalvikvm(  311): Refusing to reopen boot DEX '/system/framework/hwframework.jar'
D/MSimSignalClusterView(  740): subscription is invalid
V/AlarmManager(  623): 117: 7  06 01:58:57  com.qiyi.video
V/AlarmManager(  623): 118: 7  06 01:59:00  com.qiyi.video
V/AlarmManager(  623): 119: 7  06 01:59:03  com.qiyi.video
V/AlarmManager(  623): 120: 7  06 01:59:04  com.qiyi.video
V/AlarmManager(  623): 121: 7  06 01:59:06  com.qiyi.video
V/AlarmManager(  623): 122: 7  06 01:59:07  com.qiyi.video
V/AlarmManager(  623): 123: 7  06 01:59:08  com.qiyi.video
V/AlarmManager(  623): 124: 7  06 01:59:10  com.qiyi.video
V/AlarmManager(  623): 125: 7  06 01:59:11  com.qiyi.video
V/AlarmManager(  623): 126: 7  06 01:59:13  com.qiyi.video
V/AlarmManager(  623): 127: 7  06 01:59:14  com.qiyi.video
V/AlarmManager(  623): 128: 7  06 01:59:15  com.qiyi.video
V/AlarmManager(  623): 129: 7  06 01:59:17  com.qiyi.video
V/AlarmManager(  623): 130: 7  06 01:59:20  com.qiyi.video
V/AlarmManager(  623): 131: 7  06 01:59:21  com.qiyi.video
V/AlarmManager(  623): 132: 7  06 01:59:23  com.qiyi.video
V/AlarmManager(  623): 133: 7  06 01:59:24  com.qiyi.video
V/AlarmManager(  623): 134: 7  06 01:59:24  com.qiyi.video
V/AlarmManager(  623): 135: 7  06 01:59:25  com.qiyi.video
V/AlarmManager(  623): 136: 7  06 01:59:26  com.qiyi.video
V/AlarmManager(  623): 137: 7  06 01:59:27  com.qiyi.video
V/AlarmManager(  623): 138: 7  06 01:59:29  com.qiyi.video
V/AlarmManager(  623): 139: 7  06 01:59:30  com.qiyi.video
V/AlarmManager(  623): 140: 7  06 01:59:31  com.qiyi.video
V/AlarmManager(  623): 141: 7  06 01:59:32  com.qiyi.video
V/AlarmManager(  623): 142: 7  06 01:59:37  com.qiyi.video
V/AlarmManager(  623): 143: 7  06 01:59:40  com.qiyi.video
V/AlarmManager(  623): 144: 7  06 01:59:42  com.qiyi.video
V/AlarmManager(  623): 145: 7  06 01:59:42  com.qiyi.video
V/AlarmManager(  623): 146: 7  06 01:59:45  com.qiyi.video
V/AlarmManager(  623): 147: 7  06 01:59:46  com.qiyi.video
V/AlarmManager(  623): 148: 7  06 01:59:48  com.qiyi.video
V/AlarmManager(  623): 149: 7  06 01:59:49  com.qiyi.video
V/AlarmManager(  623): 150: 7  06 01:59:51  com.qiyi.video
V/AlarmManager(  623): 151: 7  06 01:59:52  com.qiyi.video
V/AlarmManager(  623): 152: 7  06 01:59:53  com.qiyi.video
V/AlarmManager(  623): 153: 7  06 01:59:55  com.qiyi.video
V/AlarmManager(  623): 154: 7  06 01:59:56  com.qiyi.video
V/AlarmManager(  623): 155: 7  06 01:59:58  com.qiyi.video
V/AlarmManager(  623): 156: 7  06 01:59:59  com.qiyi.video
V/AlarmManager(  623): 157: 7  06 02:00:00  com.qiyi.video
V/AlarmManager(  623): 158: 7  06 02:00:01  com.qiyi.video
V/AlarmManager(  623): 159: 7  06 02:00:10  com.qiyi.video
V/AlarmManager(  623): 160: 7  06 02:00:11  com.qiyi.video
V/AlarmManager(  623): 161: 7  06 02:00:11  com.qiyi.video
V/AlarmManager(  623): 162: 7  06 02:00:20  com.qiyi.video
V/AlarmManager(  623): 163: 7  06 02:00:36  com.qiyi.video
V/AlarmManager(  623): 164: 7  06 02:00:42  com.qiyi.video
V/AlarmManager(  623): 165: 7  06 02:00:50  com.qiyi.video
V/AlarmManager(  623): 166: 7  06 02:00:51  com.qiyi.video
V/AlarmManager(  623): 167: 7  06 02:00:52  com.qiyi.video
V/AlarmManager(  623): 168: 7  06 02:00:56  com.qiyi.video
V/AlarmManager(  623): 169: 7  06 02:00:57  com.qiyi.video
V/AlarmManager(  623): 170: 7  06 02:01:00  com.qiyi.video
V/AlarmManager(  623): 171: 7  06 02:01:02  com.qiyi.video
V/AlarmManager(  623): 172: 7  06 02:01:03  com.qiyi.video
V/AlarmManager(  623): 173: 7  06 02:01:05  com.qiyi.video
V/AlarmManager(  623): 174: 7  06 02:01:05  com.qiyi.video
V/AlarmManager(  623): 175: 7  06 02:01:06  com.qiyi.video
V/AlarmManager(  623): 176: 7  06 02:01:07  com.qiyi.video
V/AlarmManager(  623): 177: 7  06 02:01:09  com.qiyi.video
V/AlarmManager(  623): 178: 7  06 02:01:10  com.qiyi.video
V/AlarmManager(  623): 179: 7  06 02:01:11  com.qiyi.video
V/AlarmManager(  623): 180: 7  06 02:01:12  com.qiyi.video
V/AlarmManager(  623): 181: 7  06 02:01:13  com.qiyi.video
V/AlarmManager(  623): 182: 7  06 02:01:14  com.qiyi.video
V/AlarmManager(  623): 183: 7  06 02:01:16  com.qiyi.video
V/AlarmManager(  623): 184: 7  06 02:01:17  com.qiyi.video
V/AlarmManager(  623): 185: 7  06 02:01:19  com.qiyi.video
V/AlarmManager(  623): 186: 7  06 02:01:21  com.qiyi.video
V/AlarmManager(  623): 187: 7  06 02:01:23  com.qiyi.video
V/AlarmManager(  623): 188: 7  06 02:01:24  com.qiyi.video
V/AlarmManager(  623): 189: 7  06 02:01:26  com.qiyi.video
V/AlarmManager(  623): 190: 7  06 02:01:27  com.qiyi.video
V/AlarmManager(  623): 191: 7  06 02:01:29  com.qiyi.video
V/AlarmManager(  623): 192: 7  06 02:01:30  com.qiyi.video
V/AlarmManager(  623): 193: 7  06 02:01:32  com.qiyi.video
V/AlarmManager(  623): 194: 7  06 02:01:33  com.qiyi.video
V/AlarmManager(  623): 195: 7  06 02:01:34  com.qiyi.video
V/AlarmManager(  623): 196: 7  06 02:01:36  com.qiyi.video
V/AlarmManager(  623): 197: 7  06 02:01:37  com.qiyi.video
V/AlarmManager(  623): 198: 7  06 02:01:37  com.qiyi.video
V/AlarmManager(  623): 199: 7  06 02:01:39  com.qiyi.video
V/AlarmManager(  623): 200: 7  06 02:01:40  com.qiyi.video
V/AlarmManager(  623): 201: 7  06 02:01:42  com.qiyi.video
V/AlarmManager(  623): 202: 7  06 02:01:43  com.qiyi.video
V/AlarmManager(  623): 203: 7  06 02:01:44  com.qiyi.video
V/AlarmManager(  623): 204: 7  06 02:01:44  com.qiyi.video
V/AlarmManager(  623): 205: 7  06 02:01:46  com.qiyi.video
V/AlarmManager(  623): 206: 7  06 02:01:48  com.qiyi.video
V/AlarmManager(  623): 207: 7  06 02:01:49  com.qiyi.video
V/AlarmManager(  623): 208: 7  06 02:01:50  com.qiyi.video
V/AlarmManager(  623): 209: 7  06 02:01:52  com.qiyi.video
V/AlarmManager(  623): 210: 7  06 02:01:53  com.qiyi.video
V/AlarmManager(  623): 211: 7  06 02:01:55  com.qiyi.video
V/AlarmManager(  623): 212: 7  06 02:01:56  com.qiyi.video
V/AlarmManager(  623): 213: 7  06 02:01:58  com.qiyi.video
V/AlarmManager(  623): 214: 7  06 02:01:59  com.qiyi.video
V/AlarmManager(  623): 215: 7  06 02:02:00  com.qiyi.video
V/AlarmManager(  623): 216: 7  06 02:02:01  com.qiyi.video
V/AlarmManager(  623): 217: 7  06 02:02:02  com.qiyi.video
V/AlarmManager(  623): 218: 7  06 02:02:04  com.qiyi.video
V/AlarmManager(  623): 219: 7  06 02:02:06  com.qiyi.video
V/AlarmManager(  623): 220: 7  06 02:02:07  com.qiyi.video
V/AlarmManager(  623): 221: 7  06 02:02:09  com.qiyi.video
V/AlarmManager(  623): 222: 7  06 02:02:09  com.qiyi.video
V/AlarmManager(  623): 223: 7  06 02:02:11  com.qiyi.video
V/AlarmManager(  623): 224: 7  06 02:02:13  com.qiyi.video
V/AlarmManager(  623): 225: 7  06 02:02:14  com.qiyi.video
V/AlarmManager(  623): 226: 7  06 02:02:14  com.qiyi.video
V/AlarmManager(  623): 227: 7  06 02:02:14  com.qiyi.video
V/AlarmManager(  623): 228: 7  06 02:02:16  com.qiyi.video
V/AlarmManager(  623): 229: 7  06 02:02:17  com.qiyi.video
V/AlarmManager(  623): 230: 7  06 02:02:19  com.qiyi.video
V/AlarmManager(  623): 231: 7  06 02:02:21  com.qiyi.video
V/AlarmManager(  623): 232: 7  06 02:02:22  com.qiyi.video
V/AlarmManager(  623): 233: 7  06 02:02:22  com.qiyi.video
V/AlarmManager(  623): 234: 7  06 02:02:23  com.qiyi.video
V/AlarmManager(  623): 235: 7  06 02:02:24  com.qiyi.video
V/AlarmManager(  623): 236: 7  06 02:02:25  com.qiyi.video
V/AlarmManager(  623): 237: 7  06 02:02:26  com.qiyi.video
V/AlarmManager(  623): 238: 7  06 02:02:27  com.qiyi.video
V/AlarmManager(  623): 239: 7  06 02:02:28  com.qiyi.video
V/AlarmManager(  623): 240: 7  06 02:02:30  com.qiyi.video
V/AlarmManager(  623): 241: 7  06 02:02:31  com.qiyi.video
V/AlarmManager(  623): 242: 7  06 02:02:33  com.qiyi.video
V/AlarmManager(  623): 243: 7  06 02:02:34  com.qiyi.video
V/AlarmManager(  623): 244: 7  06 02:02:35  com.qiyi.video
V/AlarmManager(  623): 245: 7  06 02:02:37  com.qiyi.video
V/AlarmManager(  623): 246: 7  06 02:02:38  com.qiyi.video
V/AlarmManager(  623): 247: 7  06 02:02:40  com.qiyi.video
V/AlarmManager(  623): 248: 7  06 02:02:41  com.qiyi.video
V/AlarmManager(  623): 249: 7  06 02:02:43  com.qiyi.video
V/AlarmManager(  623): 250: 7  06 02:02:44  com.qiyi.video
V/AlarmManager(  623): 251: 7  06 02:02:46  com.qiyi.video
V/AlarmManager(  623): 252: 7  06 02:02:47  com.qiyi.video
V/AlarmManager(  623): 253: 7  06 02:02:49  com.qiyi.video
V/AlarmManager(  623): 254: 7  06 02:02:50  com.qiyi.video
V/AlarmManager(  623): 255: 7  06 02:02:51  com.qiyi.video
V/AlarmManager(  623): 256: 7  06 02:02:52  com.qiyi.video
V/AlarmManager(  623): 257: 7  06 02:02:53  com.qiyi.video
V/AlarmManager(  623): 258: 7  06 02:02:54  com.qiyi.video
V/AlarmManager(  623): 259: 7  06 02:02:56  com.qiyi.video
V/AlarmManager(  623): 260: 7  06 02:02:56  com.qiyi.video
V/AlarmManager(  623): 261: 7  06 02:02:57  com.qiyi.video
V/AlarmManager(  623): 262: 7  06 02:02:58  com.qiyi.video
V/AlarmManager(  623): 263: 7  06 02:03:00  com.qiyi.video
V/AlarmManager(  623): 264: 7  06 02:03:01  com.qiyi.video
V/AlarmManager(  623): 265: 7  06 02:03:03  com.qiyi.video
V/AlarmManager(  623): 266: 7  06 02:03:04  com.qiyi.video
V/AlarmManager(  623): 267: 7  06 02:03:06  com.qiyi.video
V/AlarmManager(  623): 268: 7  06 02:03:07  com.qiyi.video
V/AlarmManager(  623): 269: 7  06 02:03:08  com.qiyi.video
V/AlarmManager(  623): 270: 7  06 02:03:10  com.qiyi.video
V/AlarmManager(  623): 271: 7  06 02:03:11  com.qiyi.video
V/AlarmManager(  623): 272: 7  06 02:03:13  com.qiyi.video
V/AlarmManager(  623): 273: 7  06 02:03:14  com.qiyi.video
V/AlarmManager(  623): 274: 7  06 02:03:15  com.qiyi.video
V/AlarmManager(  623): 275: 7  06 02:03:15  com.qiyi.video
V/AlarmManager(  623): 276: 7  06 02:03:17  com.qiyi.video
V/AlarmManager(  623): 277: 7  06 02:03:18  com.qiyi.video
V/AlarmManager(  623): 278: 7  06 02:03:19  com.qiyi.video
V/AlarmManager(  623): 279: 7  06 02:03:21  com.qiyi.video
V/AlarmManager(  623): 280: 7  06 02:03:21  com.qiyi.video
V/AlarmManager(  623): 281: 7  06 02:03:23  com.qiyi.video
V/AlarmManager(  623): 282: 7  06 02:03:24  com.qiyi.video
V/AlarmManager(  623): 283: 7  06 02:03:26  com.qiyi.video
V/AlarmManager(  623): 284: 7  06 02:03:28  com.qiyi.video
V/AlarmManager(  623): 285: 7  06 02:03:29  com.qiyi.video
V/AlarmManager(  623): 286: 7  06 02:03:31  com.qiyi.video
V/AlarmManager(  623): 287: 7  06 02:03:32  com.qiyi.video
V/AlarmManager(  623): 288: 7  06 02:03:34  com.qiyi.video
V/AlarmManager(  623): 289: 7  06 02:03:35  com.qiyi.video
V/AlarmManager(  623): 290: 7  06 02:03:37  com.qiyi.video
V/AlarmManager(  623): 291: 7  06 02:03:38  com.qiyi.video
V/AlarmManager(  623): 292: 7  06 02:03:39  com.qiyi.video
V/AlarmManager(  623): 293: 7  06 02:03:41  com.qiyi.video
V/AlarmManager(  623): 294: 7  06 02:03:42  com.qiyi.video
V/AlarmManager(  623): 295: 7  06 02:03:43  com.qiyi.video
V/AlarmManager(  623): 296: 7  06 02:03:44  com.qiyi.video
V/AlarmManager(  623): 297: 7  06 02:03:44  com.qiyi.video
V/AlarmManager(  623): 298: 7  06 02:03:45  com.qiyi.video
V/AlarmManager(  623): 299: 7  06 02:03:46  com.qiyi.video
V/AlarmManager(  623): 300: 7  06 02:03:47  com.qiyi.video
V/AlarmManager(  623): 301: 7  06 02:03:49  com.qiyi.video
V/AlarmManager(  623): 302: 7  06 02:03:50  com.qiyi.video
V/AlarmManager(  623): 303: 7  06 02:03:52  com.qiyi.video
V/AlarmManager(  623): 304: 7  06 02:03:53  com.qiyi.video
V/AlarmManager(  623): 305: 7  06 02:03:54  com.qiyi.video
V/AlarmManager(  623): 306: 7  06 02:03:56  com.qiyi.video
V/AlarmManager(  623): 307: 7  06 02:03:57  com.qiyi.video
V/AlarmManager(  623): 308: 7  06 02:03:58  com.qiyi.video
V/AlarmManager(  623): 309: 7  06 02:04:00  com.qiyi.video
V/AlarmManager(  623): 310: 7  06 02:04:02  com.qiyi.video
V/AlarmManager(  623): 311: 7  06 02:04:03  com.qiyi.video
V/AlarmManager(  623): 312: 7  06 02:04:05  com.qiyi.video
V/AlarmManager(  623): 313: 7  06 02:04:06  com.qiyi.video
V/AlarmManager(  623): 314: 7  06 02:04:08  com.qiyi.video
V/AlarmManager(  623): 315: 7  06 02:04:09  com.qiyi.video
V/AlarmManager(  623): 316: 7  06 02:04:11  com.qiyi.video
V/AlarmManager(  623): 317: 7  06 02:04:12  com.qiyi.video
V/AlarmManager(  623): 318: 7  06 02:04:13  com.qiyi.video
V/AlarmManager(  623): 319: 7  06 02:04:15  com.qiyi.video
V/AlarmManager(  623): 320: 7  06 02:04:16  com.qiyi.video
V/AlarmManager(  623): 321: 7  06 02:04:18  com.qiyi.video
V/AlarmManager(  623): 322: 7  06 02:04:19  com.qiyi.video
V/AlarmManager(  623): 323: 7  06 02:04:20  com.qiyi.video
V/AlarmManager(  623): 324: 7  06 02:04:22  com.qiyi.video
V/AlarmManager(  623): 325: 7  06 02:04:27  com.qiyi.video
V/AlarmManager(  623): 326: 7  06 02:04:38  com.qiyi.video
V/AlarmManager(  623): 327: 7  06 02:04:43  com.qiyi.video
V/AlarmManager(  623): 328: 7  06 02:04:50  com.qiyi.video
V/AlarmManager(  623): 329: 7  06 02:04:52  com.qiyi.video
V/AlarmManager(  623): 330: 7  06 02:05:08  com.qiyi.video
V/AlarmManager(  623): 331: 7  06 02:05:11  com.qiyi.video
V/AlarmManager(  623): 332: 7  06 02:05:32  com.qiyi.video
V/AlarmManager(  623): 333: 7  06 02:05:36  com.qiyi.video
V/AlarmManager(  623): 334: 7  06 02:05:41  com.qiyi.video
V/AlarmManager(  623): 335: 7  06 02:05:43  com.qiyi.video
V/AlarmManager(  623): 336: 7  06 02:05:45  com.qiyi.video
V/AlarmManager(  623): 337: 7  06 02:05:46  com.qiyi.video
V/AlarmManager(  623): 338: 7  06 02:05:48  com.qiyi.video
V/AlarmManager(  623): 339: 7  06 02:06:00  com.qiyi.video
V/AlarmManager(  623): 340: 7  06 02:06:01  com.qiyi.video
V/AlarmManager(  623): 341: 7  06 02:06:03  com.qiyi.video
V/AlarmManager(  623): 342: 7  06 02:06:04  com.qiyi.video
V/AlarmManager(  623): 343: 7  06 02:06:06  com.qiyi.video
V/AlarmManager(  623): 344: 7  06 02:06:07  com.qiyi.video
V/AlarmManager(  623): 345: 7  06 02:06:08  com.qiyi.video
V/AlarmManager(  623): 346: 7  06 02:06:10  com.qiyi.video
V/AlarmManager(  623): 347: 7  06 02:06:11  com.qiyi.video
V/AlarmManager(  623): 348: 7  06 02:06:13  com.qiyi.video
V/AlarmManager(  623): 349: 7  06 02:06:14  com.qiyi.video
V/AlarmManager(  623): 350: 7  06 02:06:16  com.qiyi.video
V/AlarmManager(  623): 351: 7  06 02:06:17  com.qiyi.video
V/AlarmManager(  623): 352: 7  06 02:06:19  com.qiyi.video
V/AlarmManager(  623): 353: 7  06 02:07:02  com.qiyi.video
V/AlarmManager(  623): 354: 7  06 02:08:06  com.qiyi.video
V/AlarmManager(  623): 355: 7  06 02:08:27  com.qiyi.video
V/AlarmManager(  623): 356: 7  06 02:08:50  com.qiyi.video
V/AlarmManager(  623): 357: 7  06 02:08:51  com.qiyi.video
V/AlarmManager(  623): 358: 7  06 03:16:31  com.qihoo.appstore
V/AlarmManager(  623): 359: 7  07 01:01:03  com.youdao.dict
V/AlarmManager(  623): 360: 7  07 01:01:03  com.youdao.dict
V/AlarmManager(  623): 361: 7  07 01:01:03  com.youdao.dict
V/AlarmManager(  623): 362: 7  07 01:01:03  com.youdao.dict
V/AlarmManager(  623): 363: 7  07 01:01:03  com.youdao.dict
V/AlarmManager(  623): 364: 7  07 01:31:03  com.youdao.dict
V/AlarmManager(  623): 365: 7  07 01:31:03  com.youdao.dict
V/AlarmManager(  623): 366: 7  07 01:31:03  com.youdao.dict
V/AlarmManager(  623): 367: 7  07 01:31:03  com.youdao.dict
V/AlarmManager(  623): 368: 7  07 01:31:03  com.youdao.dict
V/AlarmManager(  623): 369: 7  07 01:46:02  com.youdao.dict
V/AlarmManager(  623): 370: 7  07 01:46:02  com.youdao.dict
V/AlarmManager(  623): 371: 7  07 01:46:02  com.youdao.dict
V/AlarmManager(  623): 372: 7  07 01:46:03  com.youdao.dict
V/AlarmManager(  623): 373: 7  07 01:46:03  com.youdao.dict
V/AlarmManager(  623): 374: 7  07 01:46:03  com.youdao.dict
V/AlarmManager(  623): 375: 7  07 01:46:03  com.youdao.dict
V/AlarmManager(  623): 376: 7  07 04:20:00  com.qihoo.appstore
V/AlarmManager(  623): 377: 7  07 10:34:31  com.kingroot.kinguser
V/AlarmManager(  623): 378: 7  07 10:48:39  com.android.providers.calendar
V/AlarmManager(  623): 379: 7  08 12:28:09  com.qihoo.appstore
V/AlarmManager(  623): 380: 7  08 12:41:09  com.qihoo.appstore
V/AlarmManager(  623): The statePoweron is :normal
V/AlarmManager(  623): sending alarm Alarm{41ef4ec8 type 0 com.qiyi.video}
V/AlarmManager(  623): set: Alarm{42038d18 type 0 com.qiyi.video}
V/AlarmManager(  623): Adding alarm Alarm{42038d18 type 0 com.qiyi.video} at 352
V/AlarmManager(  623): alarms: 381 type: 0
V/AlarmManager(  623): 0: 7  06 01:56:20  com.qiyi.video
V/AlarmManager(  623): 1: 7  06 01:56:22  com.qiyi.video
V/AlarmManager(  623): 2: 7  06 01:56:23  com.qiyi.video
V/AlarmManager(  623): 3: 7  06 01:56:25  com.qiyi.video
V/AlarmManager(  623): 4: 7  06 01:56:26  com.qiyi.video
V/AlarmManager(  623): 5: 7  06 01:56:26  com.qiyi.video
V/AlarmManager(  623): 6: 7  06 01:56:27  com.qiyi.video
V/AlarmManager(  623): 7: 7  06 01:56:29  com.qiyi.video
V/AlarmManager(  623): 8: 7  06 01:56:29  com.qiyi.video
V/AlarmManager(  623): 9: 7  06 01:56:30  com.qiyi.video
V/AlarmManager(  623): 10: 7  06 01:56:32  com.qiyi.video
V/AlarmManager(  623): 11: 7  06 01:56:32  com.qiyi.video
V/AlarmManager(  623): 12: 7  06 01:56:33  com.qiyi.video
V/AlarmManager(  623): 13: 7  06 01:56:34  com.qiyi.video
V/AlarmManager(  623): 14: 7  06 01:56:36  com.qiyi.video
V/AlarmManager(  623): 15: 7  06 01:56:37  com.qiyi.video
V/AlarmManager(  623): 16: 7  06 01:56:39  com.qiyi.video
V/AlarmManager(  623): 17: 7  06 01:56:40  com.qiyi.video
V/AlarmManager(  623): 18: 7  06 01:56:42  com.qiyi.video
V/AlarmManager(  623): 19: 7  06 01:56:43  com.qiyi.video
V/AlarmManager(  623): 20: 7  06 01:56:43  com.qiyi.video
V/AlarmManager(  623): 21: 7  06 01:56:44  com.qiyi.video
V/AlarmManager(  623): 22: 7  06 01:56:46  com.qiyi.video
V/AlarmManager(  623): 23: 7  06 01:56:47  com.qiyi.video
V/AlarmManager(  623): 24: 7  06 01:56:49  com.qiyi.video
V/AlarmManager(  623): 25: 7  06 01:56:50  com.qiyi.video
V/AlarmManager(  623): 26: 7  06 01:56:52  com.qiyi.video
V/AlarmManager(  623): 27: 7  06 01:56:53  com.qiyi.video
V/AlarmManager(  623): 28: 7  06 01:56:55  com.qiyi.video
V/AlarmManager(  623): 29: 7  06 01:56:56  com.qiyi.video
V/AlarmManager(  623): 30: 7  06 01:56:58  com.qiyi.video
V/AlarmManager(  623): 31: 7  06 01:56:59  com.qiyi.video
V/AlarmManager(  623): 32: 7  06 01:57:00  com.qiyi.video
V/AlarmManager(  623): 33: 7  06 01:57:02  com.qiyi.video
V/AlarmManager(  623): 34: 7  06 01:57:02  com.qiyi.video
V/AlarmManager(  623): 35: 7  06 01:57:03  com.qiyi.video
V/AlarmManager(  623): 36: 7  06 01:57:05  com.qiyi.video
V/AlarmManager(  623): 37: 7  06 01:57:05  com.qiyi.video
V/AlarmManager(  623): 38: 7  06 01:57:06  com.qiyi.video
V/AlarmManager(  623): 39: 7  06 01:57:08  com.qiyi.video
V/AlarmManager(  623): 40: 7  06 01:57:09  com.qiyi.video
V/AlarmManager(  623): 41: 7  06 01:57:11  com.qiyi.video
V/AlarmManager(  623): 42: 7  06 01:57:11  com.qiyi.video
V/AlarmManager(  623): 43: 7  06 01:57:12  com.qiyi.video
V/AlarmManager(  623): 44: 7  06 01:57:14  com.qiyi.video
V/AlarmManager(  623): 45: 7  06 01:57:15  com.qiyi.video
V/AlarmManager(  623): 46: 7  06 01:57:16  com.qiyi.video
V/AlarmManager(  623): 47: 7  06 01:57:18  com.qiyi.video
V/AlarmManager(  623): 48: 7  06 01:57:19  com.qiyi.video
V/AlarmManager(  623): 49: 7  06 01:57:21  com.qiyi.video
V/AlarmManager(  623): 50: 7  06 01:57:22  com.qiyi.video
V/AlarmManager(  623): 51: 7  06 01:57:24  com.qiyi.video
V/AlarmManager(  623): 52: 7  06 01:57:25  com.qiyi.video
V/AlarmManager(  623): 53: 7  06 01:57:27  com.qiyi.video
V/AlarmManager(  623): 54: 7  06 01:57:28  com.qiyi.video
V/AlarmManager(  623): 55: 7  06 01:57:30  com.qiyi.video
V/AlarmManager(  623): 56: 7  06 01:57:31  com.qiyi.video
V/AlarmManager(  623): 57: 7  06 01:57:33  com.qiyi.video
V/AlarmManager(  623): 58: 7  06 01:57:34  com.qiyi.video
V/AlarmManager(  623): 59: 7  06 01:57:35  com.qiyi.video
V/AlarmManager(  623): 60: 7  06 01:57:36  com.qiyi.video
V/AlarmManager(  623): 61: 7  06 01:57:37  com.qiyi.video
V/AlarmManager(  623): 62: 7  06 01:57:38  com.qiyi.video
V/AlarmManager(  623): 63: 7  06 01:57:40  com.qiyi.video
V/AlarmManager(  623): 64: 7  06 01:57:41  com.qiyi.video
V/AlarmManager(  623): 65: 7  06 01:57:43  com.qiyi.video
V/AlarmManager(  623): 66: 7  06 01:57:44  com.qiyi.video
V/AlarmManager(  623): 67: 7  06 01:57:45  com.qiyi.video
V/AlarmManager(  623): 68: 7  06 01:57:47  com.qiyi.video
V/AlarmManager(  623): 69: 7  06 01:57:48  com.qiyi.video
V/AlarmManager(  623): 70: 7  06 01:57:49  com.qiyi.video
V/AlarmManager(  623): 71: 7  06 01:57:50  com.qiyi.video
V/AlarmManager(  623): 72: 7  06 01:57:51  com.qiyi.video
V/AlarmManager(  623): 73: 7  06 01:57:53  com.qiyi.video
V/AlarmManager(  623): 74: 7  06 01:57:54  com.qiyi.video
V/AlarmManager(  623): 75: 7  06 01:57:55  com.qiyi.video
V/AlarmManager(  623): 76: 7  06 01:57:57  com.qiyi.video
V/AlarmManager(  623): 77: 7  06 01:57:58  com.qiyi.video
V/AlarmManager(  623): 78: 7  06 01:58:00  com.qiyi.video
V/AlarmManager(  623): 79: 7  06 01:58:01  com.qiyi.video
V/AlarmManager(  623): 80: 7  06 01:58:03  com.qiyi.video
V/AlarmManager(  623): 81: 7  06 01:58:04  com.qiyi.video
V/AlarmManager(  623): 82: 7  06 01:58:05  com.qiyi.video
V/AlarmManager(  623): 83: 7  06 01:58:07  com.qiyi.video
V/AlarmManager(  623): 84: 7  06 01:58:08  com.qiyi.video
V/AlarmManager(  623): 85: 7  06 01:58:10  com.qiyi.video
V/AlarmManager(  623): 86: 7  06 01:58:11  com.qiyi.video
V/AlarmManager(  623): 87: 7  06 01:58:13  com.qiyi.video
V/AlarmManager(  623): 88: 7  06 01:58:14  com.qiyi.video
V/AlarmManager(  623): 89: 7  06 01:58:16  com.qiyi.video
V/AlarmManager(  623): 90: 7  06 01:58:17  com.qiyi.video
V/AlarmManager(  623): 91: 7  06 01:58:19  com.qiyi.video
V/AlarmManager(  623): 92: 7  06 01:58:20  com.qiyi.video
V/AlarmManager(  623): 93: 7  06 01:58:21  com.qiyi.video
V/AlarmManager(  623): 94: 7  06 01:58:23  com.qiyi.video
V/AlarmManager(  623): 95: 7  06 01:58:24  com.qiyi.video
V/AlarmManager(  623): 96: 7  06 01:58:26  com.qiyi.video
V/AlarmManager(  623): 97: 7  06 01:58:27  com.qiyi.video
V/AlarmManager(  623): 98: 7  06 01:58:29  com.qiyi.video
V/AlarmManager(  623): 99: 7  06 01:58:30  com.qiyi.video
V/AlarmManager(  623): 100: 7  06 01:58:32  com.qiyi.video
V/AlarmManager(  623): 101: 7  06 01:58:33  com.qiyi.video
V/AlarmManager(  623): 102: 7  06 01:58:35  com.qiyi.video
V/AlarmManager(  623): 103: 7  06 01:58:36  com.qiyi.video
V/AlarmManager(  623): 104: 7  06 01:58:37  com.qiyi.video
V/AlarmManager(  623): 105: 7  06 01:58:39  com.qiyi.video
V/AlarmManager(  623): 106: 7  06 01:58:40  com.qiyi.video
V/AlarmManager(  623): 107: 7  06 01:58:42  com.qiyi.video
V/AlarmManager(  623): 108: 7  06 01:58:43  com.qiyi.video
V/AlarmManager(  623): 109: 7  06 01:58:46  com.qiyi.video
V/AlarmManager(  623): 110: 7  06 01:58:48  com.qiyi.video
V/AlarmManager(  623): 111: 7  06 01:58:49  com.qiyi.video
V/AlarmManager(  623): 112: 7  06 01:58:51  com.qiyi.video
V/AlarmManager(  623): 113: 7  06 01:58:51  com.qiyi.video
V/AlarmManager(  623): 114: 7  06 01:58:52  com.qiyi.video
V/AlarmManager(  623): 115: 7  06 01:58:54  com.qiyi.video
V/AlarmManager(  623): 116: 7  06 01:58:55  com.qiyi.video
V/AlarmManager(  623): 117: 7  06 01:58:57  com.qiyi.video
V/AlarmManager(  623): 118: 7  06 01:59:00  com.qiyi.video
V/AlarmManager(  623): 119: 7  06 01:59:03  com.qiyi.video
V/AlarmManager(  623): 120: 7  06 01:59:04  com.qiyi.video
V/AlarmManager(  623): 121: 7  06 01:59:06  com.qiyi.video
V/AlarmManager(  623): 122: 7  06 01:59:07  com.qiyi.video
V/AlarmManager(  623): 123: 7  06 01:59:08  com.qiyi.video
V/AlarmManager(  623): 124: 7  06 01:59:10  com.qiyi.video
V/AlarmManager(  623): 125: 7  06 01:59:11  com.qiyi.video
W/System.err(  311): Invalid int: ""
V/AlarmManager(  623): 126: 7  06 01:59:13  com.qiyi.video
V/AlarmManager(  623): 127: 7  06 01:59:14  com.qiyi.video
V/AlarmManager(  623): 128: 7  06 01:59:15  com.qiyi.video
V/AlarmManager(  623): 129: 7  06 01:59:17  com.qiyi.video
V/AlarmManager(  623): 130: 7  06 01:59:20  com.qiyi.video
V/AlarmManager(  623): 131: 7  06 01:59:21  com.qiyi.video
V/AlarmManager(  623): 132: 7  06 01:59:23  com.qiyi.video
V/AlarmManager(  623): 133: 7  06 01:59:24  com.qiyi.video
V/AlarmManager(  623): 134: 7  06 01:59:24  com.qiyi.video
V/AlarmManager(  623): 135: 7  06 01:59:25  com.qiyi.video
V/AlarmManager(  623): 136: 7  06 01:59:26  com.qiyi.video
V/AlarmManager(  623): 137: 7  06 01:59:27  com.qiyi.video
V/AlarmManager(  623): 138: 7  06 01:59:29  com.qiyi.video
V/AlarmManager(  623): 139: 7  06 01:59:30  com.qiyi.video
V/AlarmManager(  623): 140: 7  06 01:59:31  com.qiyi.video
V/AlarmManager(  623): 141: 7  06 01:59:32  com.qiyi.video
V/AlarmManager(  623): 142: 7  06 01:59:37  com.qiyi.video
V/AlarmManager(  623): 143: 7  06 01:59:40  com.qiyi.video
V/AlarmManager(  623): 144: 7  06 01:59:42  com.qiyi.video
V/AlarmManager(  623): 145: 7  06 01:59:42  com.qiyi.video
V/AlarmManager(  623): 146: 7  06 01:59:45  com.qiyi.video
V/AlarmManager(  623): 147: 7  06 01:59:46  com.qiyi.video
V/AlarmManager(  623): 148: 7  06 01:59:48  com.qiyi.video
V/AlarmManager(  623): 149: 7  06 01:59:49  com.qiyi.video
V/AlarmManager(  623): 150: 7  06 01:59:51  com.qiyi.video
V/AlarmManager(  623): 151: 7  06 01:59:52  com.qiyi.video
V/AlarmManager(  623): 152: 7  06 01:59:53  com.qiyi.video
V/AlarmManager(  623): 153: 7  06 01:59:55  com.qiyi.video
V/AlarmManager(  623): 154: 7  06 01:59:56  com.qiyi.video
V/AlarmManager(  623): 155: 7  06 01:59:58  com.qiyi.video
V/AlarmManager(  623): 156: 7  06 01:59:59  com.qiyi.video
V/AlarmManager(  623): 157: 7  06 02:00:00  com.qiyi.video
V/AlarmManager(  623): 158: 7  06 02:00:01  com.qiyi.video
V/AlarmManager(  623): 159: 7  06 02:00:10  com.qiyi.video
V/AlarmManager(  623): 160: 7  06 02:00:11  com.qiyi.video
V/AlarmManager(  623): 161: 7  06 02:00:11  com.qiyi.video
V/AlarmManager(  623): 162: 7  06 02:00:20  com.qiyi.video
V/AlarmManager(  623): 163: 7  06 02:00:36  com.qiyi.video
V/AlarmManager(  623): 164: 7  06 02:00:42  com.qiyi.video
V/AlarmManager(  623): 165: 7  06 02:00:50  com.qiyi.video
V/AlarmManager(  623): 166: 7  06 02:00:51  com.qiyi.video
V/AlarmManager(  623): 167: 7  06 02:00:52  com.qiyi.video
V/AlarmManager(  623): 168: 7  06 02:00:56  com.qiyi.video
V/AlarmManager(  623): 169: 7  06 02:00:57  com.qiyi.video
V/AlarmManager(  623): 170: 7  06 02:01:00  com.qiyi.video
V/AlarmManager(  623): 171: 7  06 02:01:02  com.qiyi.video
V/AlarmManager(  623): 172: 7  06 02:01:03  com.qiyi.video
V/AlarmManager(  623): 173: 7  06 02:01:05  com.qiyi.video
V/AlarmManager(  623): 174: 7  06 02:01:05  com.qiyi.video
V/AlarmManager(  623): 175: 7  06 02:01:06  com.qiyi.video
V/AlarmManager(  623): 176: 7  06 02:01:07  com.qiyi.video
V/AlarmManager(  623): 177: 7  06 02:01:09  com.qiyi.video
V/AlarmManager(  623): 178: 7  06 02:01:10  com.qiyi.video
V/AlarmManager(  623): 179: 7  06 02:01:11  com.qiyi.video
V/AlarmManager(  623): 180: 7  06 02:01:12  com.qiyi.video
V/AlarmManager(  623): 181: 7  06 02:01:13  com.qiyi.video
V/AlarmManager(  623): 182: 7  06 02:01:14  com.qiyi.video
V/AlarmManager(  623): 183: 7  06 02:01:16  com.qiyi.video
V/AlarmManager(  623): 184: 7  06 02:01:17  com.qiyi.video
V/AlarmManager(  623): 185: 7  06 02:01:19  com.qiyi.video
V/AlarmManager(  623): 186: 7  06 02:01:21  com.qiyi.video
V/AlarmManager(  623): 187: 7  06 02:01:23  com.qiyi.video
V/AlarmManager(  623): 188: 7  06 02:01:24  com.qiyi.video
V/AlarmManager(  623): 189: 7  06 02:01:26  com.qiyi.video
V/AlarmManager(  623): 190: 7  06 02:01:27  com.qiyi.video
V/AlarmManager(  623): 191: 7  06 02:01:29  com.qiyi.video
V/AlarmManager(  623): 192: 7  06 02:01:30  com.qiyi.video
V/AlarmManager(  623): 193: 7  06 02:01:32  com.qiyi.video
V/AlarmManager(  623): 194: 7  06 02:01:33  com.qiyi.video
V/AlarmManager(  623): 195: 7  06 02:01:34  com.qiyi.video
V/AlarmManager(  623): 196: 7  06 02:01:36  com.qiyi.video
V/AlarmManager(  623): 197: 7  06 02:01:37  com.qiyi.video
V/AlarmManager(  623): 198: 7  06 02:01:37  com.qiyi.video
V/AlarmManager(  623): 199: 7  06 02:01:39  com.qiyi.video
V/AlarmManager(  623): 200: 7  06 02:01:40  com.qiyi.video
V/AlarmManager(  623): 201: 7  06 02:01:42  com.qiyi.video
V/AlarmManager(  623): 202: 7  06 02:01:43  com.qiyi.video
V/AlarmManager(  623): 203: 7  06 02:01:44  com.qiyi.video
V/AlarmManager(  623): 204: 7  06 02:01:44  com.qiyi.video
V/AlarmManager(  623): 205: 7  06 02:01:46  com.qiyi.video
V/AlarmManager(  623): 206: 7  06 02:01:48  com.qiyi.video
V/AlarmManager(  623): 207: 7  06 02:01:49  com.qiyi.video
V/AlarmManager(  623): 208: 7  06 02:01:50  com.qiyi.video
V/AlarmManager(  623): 209: 7  06 02:01:52  com.qiyi.video
V/AlarmManager(  623): 210: 7  06 02:01:53  com.qiyi.video
V/AlarmManager(  623): 211: 7  06 02:01:55  com.qiyi.video
V/AlarmManager(  623): 212: 7  06 02:01:56  com.qiyi.video
V/AlarmManager(  623): 213: 7  06 02:01:58  com.qiyi.video
V/AlarmManager(  623): 214: 7  06 02:01:59  com.qiyi.video
V/AlarmManager(  623): 215: 7  06 02:02:00  com.qiyi.video
V/AlarmManager(  623): 216: 7  06 02:02:01  com.qiyi.video
V/AlarmManager(  623): 217: 7  06 02:02:02  com.qiyi.video
V/AlarmManager(  623): 218: 7  06 02:02:04  com.qiyi.video
V/AlarmManager(  623): 219: 7  06 02:02:06  com.qiyi.video
V/AlarmManager(  623): 220: 7  06 02:02:07  com.qiyi.video
V/AlarmManager(  623): 221: 7  06 02:02:09  com.qiyi.video
V/AlarmManager(  623): 222: 7  06 02:02:09  com.qiyi.video
V/AlarmManager(  623): 223: 7  06 02:02:11  com.qiyi.video
V/AlarmManager(  623): 224: 7  06 02:02:13  com.qiyi.video
V/AlarmManager(  623): 225: 7  06 02:02:14  com.qiyi.video
V/AlarmManager(  623): 226: 7  06 02:02:14  com.qiyi.video
V/AlarmManager(  623): 227: 7  06 02:02:14  com.qiyi.video
V/AlarmManager(  623): 228: 7  06 02:02:16  com.qiyi.video
V/AlarmManager(  623): 229: 7  06 02:02:17  com.qiyi.video
V/AlarmManager(  623): 230: 7  06 02:02:19  com.qiyi.video
V/AlarmManager(  623): 231: 7  06 02:02:21  com.qiyi.video
V/AlarmManager(  623): 232: 7  06 02:02:22  com.qiyi.video
V/AlarmManager(  623): 233: 7  06 02:02:22  com.qiyi.video
V/AlarmManager(  623): 234: 7  06 02:02:23  com.qiyi.video
V/AlarmManager(  623): 235: 7  06 02:02:24  com.qiyi.video
V/AlarmManager(  623): 236: 7  06 02:02:25  com.qiyi.video
V/AlarmManager(  623): 237: 7  06 02:02:26  com.qiyi.video
V/AlarmManager(  623): 238: 7  06 02:02:27  com.qiyi.video
V/AlarmManager(  623): 239: 7  06 02:02:28  com.qiyi.video
V/AlarmManager(  623): 240: 7  06 02:02:30  com.qiyi.video
V/AlarmManager(  623): 241: 7  06 02:02:31  com.qiyi.video
V/AlarmManager(  623): 242: 7  06 02:02:33  com.qiyi.video
V/AlarmManager(  623): 243: 7  06 02:02:34  com.qiyi.video
V/AlarmManager(  623): 244: 7  06 02:02:35  com.qiyi.video
V/AlarmManager(  623): 245: 7  06 02:02:37  com.qiyi.video
V/AlarmManager(  623): 246: 7  06 02:02:38  com.qiyi.video
V/AlarmManager(  623): 247: 7  06 02:02:40  com.qiyi.video
V/AlarmManager(  623): 248: 7  06 02:02:41  com.qiyi.video
V/AlarmManager(  623): 249: 7  06 02:02:43  com.qiyi.video
W/dalvikvm(  311): VFY: unable to resolve virtual method 1367: Landroid/os/StatFs;.getBlockSizeLong ()J
W/System.err(  311): java.lang.NoSuchMethodException: getPackageSizeInfo [class java.lang.String, interface android.a.a.a]
V/AlarmManager(  623): 250: 7  06 02:02:44  com.qiyi.video
V/AlarmManager(  623): 251: 7  06 02:02:46  com.qiyi.video
V/AlarmManager(  623): 252: 7  06 02:02:47  com.qiyi.video
V/AlarmManager(  623): 253: 7  06 02:02:49  com.qiyi.video
V/AlarmManager(  623): 254: 7  06 02:02:50  com.qiyi.video
V/AlarmManager(  623): 255: 7  06 02:02:51  com.qiyi.video
V/AlarmManager(  623): 256: 7  06 02:02:52  com.qiyi.video
V/AlarmManager(  623): 257: 7  06 02:02:53  com.qiyi.video
V/AlarmManager(  623): 258: 7  06 02:02:54  com.qiyi.video
V/AlarmManager(  623): 259: 7  06 02:02:56  com.qiyi.video
V/AlarmManager(  623): 260: 7  06 02:02:56  com.qiyi.video
V/AlarmManager(  623): 261: 7  06 02:02:57  com.qiyi.video
V/AlarmManager(  623): 262: 7  06 02:02:58  com.qiyi.video
V/AlarmManager(  623): 263: 7  06 02:03:00  com.qiyi.video
V/AlarmManager(  623): 264: 7  06 02:03:01  com.qiyi.video
V/AlarmManager(  623): 265: 7  06 02:03:03  com.qiyi.video
V/AlarmManager(  623): 266: 7  06 02:03:04  com.qiyi.video
V/AlarmManager(  623): 267: 7  06 02:03:06  com.qiyi.video
V/AlarmManager(  623): 268: 7  06 02:03:07  com.qiyi.video
V/AlarmManager(  623): 269: 7  06 02:03:08  com.qiyi.video
V/AlarmManager(  623): 270: 7  06 02:03:10  com.qiyi.video
V/AlarmManager(  623): 271: 7  06 02:03:11  com.qiyi.video
V/AlarmManager(  623): 272: 7  06 02:03:13  com.qiyi.video
V/AlarmManager(  623): 273: 7  06 02:03:14  com.qiyi.video
V/AlarmManager(  623): 274: 7  06 02:03:15  com.qiyi.video
V/AlarmManager(  623): 275: 7  06 02:03:15  com.qiyi.video
V/AlarmManager(  623): 276: 7  06 02:03:17  com.qiyi.video
V/AlarmManager(  623): 277: 7  06 02:03:18  com.qiyi.video
V/AlarmManager(  623): 278: 7  06 02:03:19  com.qiyi.video
V/AlarmManager(  623): 279: 7  06 02:03:21  com.qiyi.video
V/AlarmManager(  623): 280: 7  06 02:03:21  com.qiyi.video
W/System.err(  311): 	at java.lang.Class.getConstructorOrMethod(Class.java:460)
W/System.err(  311): 	at java.lang.Class.getMethod(Class.java:915)
W/System.err(  311): 	at com.yxcorp.util.bf.a(Unknown Source)
W/System.err(  311): 	at com.yxcorp.gifshow.App.o(Unknown Source)
W/System.err(  311): 	at com.yxcorp.gifshow.App.onCreate(Unknown Source)
W/System.err(  311): 	at android.app.Instrumentation.callApplicationOnCreate(Instrumentation.java:999)
W/System.err(  311): 	at android.app.ActivityThread.handleBindApplication(ActivityThread.java:4205)
W/System.err(  311): 	at android.app.ActivityThread.access$1300(ActivityThread.java:137)
W/System.err(  311): 	at android.app.ActivityThread$H.handleMessage(ActivityThread.java:1265)
W/System.err(  311): 	at android.os.Handler.dispatchMessage(Handler.java:99)
W/System.err(  311): 	at android.os.Looper.loop(Looper.java:137)
W/System.err(  311): 	at android.app.ActivityThread.main(ActivityThread.java:4813)
W/System.err(  311): 	at java.lang.reflect.Method.invokeNative(Native Method)
W/System.err(  311): 	at java.lang.reflect.Method.invoke(Method.java:511)
W/System.err(  311): 	at com.android.internal.os.ZygoteInit$MethodAndArgsCaller.run(ZygoteInit.java:789)
W/System.err(  311): 	at com.android.internal.os.ZygoteInit.main(ZygoteInit.java:556)
W/System.err(  311): 	at dalvik.system.NativeStart.main(Native Method)
W/ApplicationContext(  311): Unable to create external cache directory
V/AlarmManager(  623): 281: 7  06 02:03:23  com.qiyi.video
V/AlarmManager(  623): 282: 7  06 02:03:24  com.qiyi.video
V/AlarmManager(  623): 283: 7  06 02:03:26  com.qiyi.video
V/AlarmManager(  623): 284: 7  06 02:03:28  com.qiyi.video
V/AlarmManager(  623): 285: 7  06 02:03:29  com.qiyi.video
V/AlarmManager(  623): 286: 7  06 02:03:31  com.qiyi.video
V/AlarmManager(  623): 287: 7  06 02:03:32  com.qiyi.video
V/AlarmManager(  623): 288: 7  06 02:03:34  com.qiyi.video
V/AlarmManager(  623): 289: 7  06 02:03:35  com.qiyi.video
V/AlarmManager(  623): 290: 7  06 02:03:37  com.qiyi.video
V/AlarmManager(  623): 291: 7  06 02:03:38  com.qiyi.video
V/AlarmManager(  623): 292: 7  06 02:03:39  com.qiyi.video
V/AlarmManager(  623): 293: 7  06 02:03:41  com.qiyi.video
V/AlarmManager(  623): 294: 7  06 02:03:42  com.qiyi.video
V/AlarmManager(  623): 295: 7  06 02:03:43  com.qiyi.video
V/AlarmManager(  623): 296: 7  06 02:03:44  com.qiyi.video
V/AlarmManager(  623): 297: 7  06 02:03:44  com.qiyi.video
V/AlarmManager(  623): 298: 7  06 02:03:45  com.qiyi.video
V/AlarmManager(  623): 299: 7  06 02:03:46  com.qiyi.video
V/AlarmManager(  623): 300: 7  06 02:03:47  com.qiyi.video
V/AlarmManager(  623): 301: 7  06 02:03:49  com.qiyi.video
V/AlarmManager(  623): 302: 7  06 02:03:50  com.qiyi.video
V/AlarmManager(  623): 303: 7  06 02:03:52  com.qiyi.video
V/AlarmManager(  623): 304: 7  06 02:03:53  com.qiyi.video
V/AlarmManager(  623): 305: 7  06 02:03:54  com.qiyi.video
V/AlarmManager(  623): 306: 7  06 02:03:56  com.qiyi.video
V/AlarmManager(  623): 307: 7  06 02:03:57  com.qiyi.video
V/AlarmManager(  623): 308: 7  06 02:03:58  com.qiyi.video
V/AlarmManager(  623): 309: 7  06 02:04:00  com.qiyi.video
V/AlarmManager(  623): 310: 7  06 02:04:02  com.qiyi.video
V/AlarmManager(  623): 311: 7  06 02:04:03  com.qiyi.video
V/AlarmManager(  623): 312: 7  06 02:04:05  com.qiyi.video
V/AlarmManager(  623): 313: 7  06 02:04:06  com.qiyi.video
V/AlarmManager(  623): 314: 7  06 02:04:08  com.qiyi.video
V/AlarmManager(  623): 315: 7  06 02:04:09  com.qiyi.video
V/AlarmManager(  623): 316: 7  06 02:04:11  com.qiyi.video
V/AlarmManager(  623): 317: 7  06 02:04:12  com.qiyi.video
V/AlarmManager(  623): 318: 7  06 02:04:13  com.qiyi.video
V/AlarmManager(  623): 319: 7  06 02:04:15  com.qiyi.video
V/AlarmManager(  623): 320: 7  06 02:04:16  com.qiyi.video
V/AlarmManager(  623): 321: 7  06 02:04:18  com.qiyi.video
V/AlarmManager(  623): 322: 7  06 02:04:19  com.qiyi.video
V/AlarmManager(  623): 323: 7  06 02:04:20  com.qiyi.video
V/AlarmManager(  623): 324: 7  06 02:04:22  com.qiyi.video
V/AlarmManager(  623): 325: 7  06 02:04:27  com.qiyi.video
V/AlarmManager(  623): 326: 7  06 02:04:38  com.qiyi.video
V/AlarmManager(  623): 327: 7  06 02:04:43  com.qiyi.video
V/AlarmManager(  623): 328: 7  06 02:04:50  com.qiyi.video
V/AlarmManager(  623): 329: 7  06 02:04:52  com.qiyi.video
V/AlarmManager(  623): 330: 7  06 02:05:08  com.qiyi.video
V/AlarmManager(  623): 331: 7  06 02:05:11  com.qiyi.video
V/AlarmManager(  623): 332: 7  06 02:05:32  com.qiyi.video
V/AlarmManager(  623): 333: 7  06 02:05:36  com.qiyi.video
V/AlarmManager(  623): 334: 7  06 02:05:41  com.qiyi.video
V/AlarmManager(  623): 335: 7  06 02:05:43  com.qiyi.video
V/AlarmManager(  623): 336: 7  06 02:05:45  com.qiyi.video
V/AlarmManager(  623): 337: 7  06 02:05:46  com.qiyi.video
V/AlarmManager(  623): 338: 7  06 02:05:48  com.qiyi.video
V/AlarmManager(  623): 339: 7  06 02:06:00  com.qiyi.video
V/AlarmManager(  623): 340: 7  06 02:06:01  com.qiyi.video
V/AlarmManager(  623): 341: 7  06 02:06:03  com.qiyi.video
V/AlarmManager(  623): 342: 7  06 02:06:04  com.qiyi.video
V/AlarmManager(  623): 343: 7  06 02:06:06  com.qiyi.video
V/AlarmManager(  623): 344: 7  06 02:06:07  com.qiyi.video
V/AlarmManager(  623): 345: 7  06 02:06:08  com.qiyi.video
V/AlarmManager(  623): 346: 7  06 02:06:10  com.qiyi.video
V/AlarmManager(  623): 347: 7  06 02:06:11  com.qiyi.video
V/AlarmManager(  623): 348: 7  06 02:06:13  com.qiyi.video
V/AlarmManager(  623): 349: 7  06 02:06:14  com.qiyi.video
V/AlarmManager(  623): 350: 7  06 02:06:16  com.qiyi.video
V/AlarmManager(  623): 351: 7  06 02:06:17  com.qiyi.video
V/AlarmManager(  623): 352: 7  06 02:06:19  com.qiyi.video
V/AlarmManager(  623): 353: 7  06 02:07:02  com.qiyi.video
V/AlarmManager(  623): 354: 7  06 02:08:06  com.qiyi.video
V/AlarmManager(  623): 355: 7  06 02:08:27  com.qiyi.video
V/AlarmManager(  623): 356: 7  06 02:08:50  com.qiyi.video
V/AlarmManager(  623): 357: 7  06 02:08:51  com.qiyi.video
V/AlarmManager(  623): 358: 7  06 03:16:31  com.qihoo.appstore
W/System.err(  311): java.lang.NullPointerException
W/System.err(  311): 	at c.a.a.a.b.b.e(Unknown Source)
W/System.err(  311): 	at com.yxcorp.util.aa.a(Unknown Source)
W/System.err(  311): 	at com.yxcorp.gifshow.j.a(Unknown Source)
W/System.err(  311): 	at com.yxcorp.util.bf.a(Unknown Source)
W/System.err(  311): 	at com.yxcorp.gifshow.App.o(Unknown Source)
W/System.err(  311): 	at com.yxcorp.gifshow.App.onCreate(Unknown Source)
W/System.err(  311): 	at android.app.Instrumentation.callApplicationOnCreate(Instrumentation.java:999)
W/System.err(  311): 	at android.app.ActivityThread.handleBindApplication(ActivityThread.java:4205)
W/System.err(  311): 	at android.app.ActivityThread.access$1300(ActivityThread.java:137)
W/System.err(  311): 	at android.app.ActivityThread$H.handleMessage(ActivityThread.java:1265)
W/System.err(  311): 	at android.os.Handler.dispatchMessage(Handler.java:99)
W/System.err(  311): 	at android.os.Looper.loop(Looper.java:137)
W/System.err(  311): 	at android.app.ActivityThread.main(ActivityThread.java:4813)
W/System.err(  311): 	at java.lang.reflect.Method.invokeNative(Native Method)
W/System.err(  311): 	at java.lang.reflect.Method.invoke(Method.java:511)
W/System.err(  311): 	at com.android.internal.os.ZygoteInit$MethodAndArgsCaller.run(ZygoteInit.java:789)
W/System.err(  311): 	at com.android.internal.os.ZygoteInit.main(ZygoteInit.java:556)
W/System.err(  311): 	at dalvik.system.NativeStart.main(Native Method)
V/AlarmManager(  623): 359: 7  07 01:01:03  com.youdao.dict
V/AlarmManager(  623): 360: 7  07 01:01:03  com.youdao.dict
V/AlarmManager(  623): 361: 7  07 01:01:03  com.youdao.dict
V/AlarmManager(  623): 362: 7  07 01:01:03  com.youdao.dict
V/AlarmManager(  623): 363: 7  07 01:01:03  com.youdao.dict
V/AlarmManager(  623): 364: 7  07 01:31:03  com.youdao.dict
V/AlarmManager(  623): 365: 7  07 01:31:03  com.youdao.dict
V/AlarmManager(  623): 366: 7  07 01:31:03  com.youdao.dict
V/AlarmManager(  623): 367: 7  07 01:31:03  com.youdao.dict
V/AlarmManager(  623): 368: 7  07 01:31:03  com.youdao.dict
V/AlarmManager(  623): 369: 7  07 01:46:02  com.youdao.dict
V/AlarmManager(  623): 370: 7  07 01:46:02  com.youdao.dict
V/AlarmManager(  623): 371: 7  07 01:46:02  com.youdao.dict
V/AlarmManager(  623): 372: 7  07 01:46:03  com.youdao.dict
V/AlarmManager(  623): 373: 7  07 01:46:03  com.youdao.dict
V/AlarmManager(  623): 374: 7  07 01:46:03  com.youdao.dict
V/AlarmManager(  623): 375: 7  07 01:46:03  com.youdao.dict
V/AlarmManager(  623): 376: 7  07 04:20:00  com.qihoo.appstore
V/AlarmManager(  623): 377: 7  07 10:34:31  com.kingroot.kinguser
V/AlarmManager(  623): 378: 7  07 10:48:39  com.android.providers.calendar
V/AlarmManager(  623): 379: 7  08 12:28:09  com.qihoo.appstore
V/AlarmManager(  623): 380: 7  08 12:41:09  com.qihoo.appstore
V/AlarmManager(  623): set: Alarm{41ff2f30 type 3 com.qiyi.video}
V/AlarmManager(  623): Adding alarm Alarm{41ff2f30 type 3 com.qiyi.video} at 0
V/AlarmManager(  623): alarms: 6 type: 3
V/AlarmManager(  623): 0: 1  01 09:10:18  com.qiyi.video
V/AlarmManager(  623): 1: 1  01 09:10:57  android
V/AlarmManager(  623): 2: 1  01 09:11:53  android
V/AlarmManager(  623): 3: 1  01 09:15:00  android
V/AlarmManager(  623): 4: 1  01 04:15:00  com.android.phone
V/AlarmManager(  623): 5: 1  02 08:58:08  android
I/ActivityManager(  623): Process com.smile.gifmaker:bdservice_v1 (pid 311) has died.
D/StatusBar.MSimNetworkController(  740): MSimWifiHandler,msg=1
