D/wpa_supplicant( 1804): wlan0: Control interface command 'SIGNAL_POLL'
D/wpa_supplicant( 1804): wlan0: Control interface command 'SIGNAL_POLL'
E/WifiStateMachine(  997): WifiStateMachine CMD_START_SCAN source -2 txSuccessRate=1.00 rxSuccessRate=16.65 targetRoamBSSID=any RSSI=-46
E/WifiStateMachine(  997): WifiStateMachine starting scan for "yixia_5g"WPA_PSK with 5745,5805,5765,5785
D/wpa_supplicant( 1804): wlan0: Control interface command 'SCAN TYPE=ONLY freq=5745,5805,5765,5785'
D/wpa_supplicant( 1804): wlan0: Setting scan request: 0.000000 sec
D/wpa_supplicant( 1804): wlan0: Starting AP scan for wildcard SSID
D/wpa_supplicant( 1804): wlan0: Limit manual scan to specified channels
D/wpa_supplicant( 1804): wlan0: Add radio work 'scan'@0x7f9dc1e380
D/wpa_supplicant( 1804): wlan0: First radio work item in the queue - schedule start immediately
D/wpa_supplicant( 1804): wlan0: Starting radio work 'scan'@0x7f9dc1e380 after 0.000091 second wait
D/wpa_supplicant( 1804): wlan0: nl80211: scan request
D/wpa_supplicant( 1804): nl80211: Scan SSID - hexdump(len=0): [NULL]
D/wpa_supplicant( 1804): nl80211: Scan frequency 5745 MHz
D/wpa_supplicant( 1804): nl80211: Scan frequency 5765 MHz
D/wpa_supplicant( 1804): nl80211: Scan frequency 5785 MHz
D/wpa_supplicant( 1804): nl80211: Scan frequency 5805 MHz
D/wpa_supplicant( 1804): Scan requested (ret=0) - scan timeout 30 seconds
D/wpa_supplicant( 1804): nl80211: Event message available
D/wpa_supplicant( 1804): nl80211: Drv Event 33 (NL80211_CMD_TRIGGER_SCAN) received for wlan0
D/wpa_supplicant( 1804): wlan0: nl80211: Scan trigger
D/wpa_supplicant( 1804): wlan0: Event SCAN_STARTED (49) received
D/wpa_supplicant( 1804): wlan0: Own scan request started a scan in 0.000209 seconds
I/wpa_supplicant( 1804): wlan0: CTRL-EVENT-SCAN-STARTED 
D/wpa_supplicant( 1804): CTRL_IFACE monitor sent successfully to /data/misc/wifi/sockets/wpa_ctrl_455-1\x00
D/wpa_supplicant( 1804): CTRL_IFACE monitor sent successfully to /data/misc/wifi/sockets/wpa_ctrl_997-2\x00
I/WifiHAL (  997): Poll result = 1
I/WifiHAL (  997): Found some events!!!
D/WifiHAL (  997): no_seq_check received
I/WifiHAL (  997): event received NL80211_CMD_TRIGGER_SCAN
I/WifiHAL (  997): event received NL80211_CMD_TRIGGER_SCAN, vendor_id = 0x0
I/WifiHAL (  997): event ignored!!
I/WifiHAL (  997): Poll result = 1
D/wpa_supplicant( 1804): nl80211: Event message available
I/WifiHAL (  997): Found some events!!!
D/WifiHAL (  997): no_seq_check received
D/wpa_supplicant( 1804): nl80211: Drv Event 34 (NL80211_CMD_NEW_SCAN_RESULTS) received for wlan0
I/WifiHAL (  997): event received NL80211_CMD_NEW_SCAN_RESULTS
I/WifiHAL (  997): event received NL80211_CMD_NEW_SCAN_RESULTS, vendor_id = 0x0
I/WifiHAL (  997): event ignored!!
D/wpa_supplicant( 1804): wlan0: nl80211: New scan results available
D/wpa_supplicant( 1804): nl80211: Scan included frequencies:
D/wpa_supplicant( 1804): wlan0: Event SCAN_RESULTS (3) received
D/wpa_supplicant( 1804): wlan0: Scan completed in 0.764926 seconds
D/wpa_supplicant( 1804): nl80211: Associated on 5745 MHz
D/wpa_supplicant( 1804): nl80211: Associated with 2c:e6:cc:3c:b2:9c
D/wpa_supplicant( 1804): nl80211: Received scan results (11 BSSes)
D/wpa_supplicant( 1804): nl80211: Scan results indicate BSS status with 2c:e6:cc:3c:b2:9c as associated
D/wpa_supplicant( 1804): wlan0: BSS: Start scan result update 116
D/wpa_supplicant( 1804): BSS: last_scan_res_used=11/32
D/wpa_supplicant( 1804): wlan0: Scan-only results received
D/wpa_supplicant( 1804): CTRL_IFACE monitor sent successfully to /data/misc/wifi/sockets/wpa_ctrl_455-1\x00
D/wpa_supplicant( 1804): CTRL_IFACE monitor sent successfully to /data/misc/wifi/sockets/wpa_ctrl_997-2\x00
D/wpa_supplicant( 1804): wlan0: Radio work 'scan'@0x7f9dc1e380 done in 0.768163 seconds
D/wpa_supplicant( 1804): wlan0: Control interface command 'BSS RANGE=0- MASK=0x23987'
D/wpa_supplicant( 1804): wlan0: Control interface command 'STATUS-NO_EVENTS'
I/art     (  997): Background partial concurrent mark sweep GC freed 295263(13MB) AllocSpace objects, 96(1920KB) LOS objects, 26% free, 45MB/61MB, paused 2.383ms total 207.700ms
D/wpa_supplicant( 1804): wlan0: Control interface command 'SIGNAL_POLL'
D/Ulp_jni (  997): Location CB invoked
D/wpa_supplicant( 1804): wlan0: Control interface command 'SIGNAL_POLL'
D/wpa_supplicant( 1804): wlan0: Control interface command 'SIGNAL_POLL'
D/wpa_supplicant( 1804): wlan0: Control interface command 'SIGNAL_POLL'
D/Ulp_jni (  997): Location CB invoked
D/wpa_supplicant( 1804): wlan0: Control interface command 'SIGNAL_POLL'
W/DNSIncoming(13488): There was an OPT answer. Not currently handled. Option code: 65002 data: DB73EC253999421F
W/DNSIncoming(13488): There was an OPT answer. Not currently handled. Option code: 65002 data: DB73EC253999421F
W/DNSIncoming(13488): There was an OPT answer. Not currently handled. Option code: 65002 data: DB73EC253999421F
D/wpa_supplicant( 1804): wlan0: Control interface command 'SIGNAL_POLL'
W/DNSIncoming(13488): There was an OPT answer. Not currently handled. Option code: 65002 data: CDE4D8BE7BE3E937
E/WifiStateMachine(  997): WifiStateMachine CMD_START_SCAN source -2 txSuccessRate=0.02 rxSuccessRate=37.15 targetRoamBSSID=any RSSI=-51
E/WifiStateMachine(  997): WifiStateMachine starting scan for "yixia_5g"WPA_PSK with 5745,5805,5765,5785
D/wpa_supplicant( 1804): wlan0: Control interface command 'SCAN TYPE=ONLY freq=5745,5805,5765,5785'
D/wpa_supplicant( 1804): wlan0: Setting scan request: 0.000000 sec
D/wpa_supplicant( 1804): wlan0: Starting AP scan for wildcard SSID
D/wpa_supplicant( 1804): wlan0: Limit manual scan to specified channels
D/wpa_supplicant( 1804): wlan0: Add radio work 'scan'@0x7f9dc1e4c0
D/wpa_supplicant( 1804): wlan0: First radio work item in the queue - schedule start immediately
D/wpa_supplicant( 1804): wlan0: Starting radio work 'scan'@0x7f9dc1e4c0 after 0.000102 second wait
D/wpa_supplicant( 1804): wlan0: nl80211: scan request
D/wpa_supplicant( 1804): nl80211: Scan SSID - hexdump(len=0): [NULL]
D/wpa_supplicant( 1804): nl80211: Scan frequency 5745 MHz
D/wpa_supplicant( 1804): nl80211: Scan frequency 5765 MHz
D/wpa_supplicant( 1804): nl80211: Scan frequency 5785 MHz
D/wpa_supplicant( 1804): nl80211: Scan frequency 5805 MHz
D/wpa_supplicant( 1804): Scan requested (ret=0) - scan timeout 30 seconds
D/wpa_supplicant( 1804): nl80211: Event message available
D/wpa_supplicant( 1804): nl80211: Drv Event 33 (NL80211_CMD_TRIGGER_SCAN) received for wlan0
D/wpa_supplicant( 1804): wlan0: nl80211: Scan trigger
D/wpa_supplicant( 1804): wlan0: Event SCAN_STARTED (49) received
D/wpa_supplicant( 1804): wlan0: Own scan request started a scan in 0.000214 seconds
I/wpa_supplicant( 1804): wlan0: CTRL-EVENT-SCAN-STARTED 
D/wpa_supplicant( 1804): CTRL_IFACE monitor sent successfully to /data/misc/wifi/sockets/wpa_ctrl_455-1\x00
D/wpa_supplicant( 1804): CTRL_IFACE monitor sent successfully to /data/misc/wifi/sockets/wpa_ctrl_997-2\x00
I/WifiHAL (  997): Poll result = 1
I/WifiHAL (  997): Found some events!!!
D/WifiHAL (  997): no_seq_check received
I/WifiHAL (  997): event received NL80211_CMD_TRIGGER_SCAN
I/WifiHAL (  997): event received NL80211_CMD_TRIGGER_SCAN, vendor_id = 0x0
I/WifiHAL (  997): event ignored!!
D/wpa_supplicant( 1804): wlan0: Control interface command 'SIGNAL_POLL'
D/wpa_supplicant( 1804): nl80211: Event message available
D/wpa_supplicant( 1804): nl80211: Drv Event 34 (NL80211_CMD_NEW_SCAN_RESULTS) received for wlan0
D/wpa_supplicant( 1804): wlan0: nl80211: New scan results available
D/wpa_supplicant( 1804): nl80211: Scan included frequencies:
D/wpa_supplicant( 1804): wlan0: Event SCAN_RESULTS (3) received
D/wpa_supplicant( 1804): wlan0: Scan completed in 0.715200 seconds
D/wpa_supplicant( 1804): nl80211: Associated on 5745 MHz
D/wpa_supplicant( 1804): nl80211: Associated with 2c:e6:cc:3c:b2:9c
D/wpa_supplicant( 1804): nl80211: Received scan results (11 BSSes)
D/wpa_supplicant( 1804): nl80211: Scan results indicate BSS status with 2c:e6:cc:3c:b2:9c as associated
D/wpa_supplicant( 1804): wlan0: BSS: Start scan result update 117
D/wpa_supplicant( 1804): BSS: last_scan_res_used=11/32
D/wpa_supplicant( 1804): wlan0: Scan-only results received
D/wpa_supplicant( 1804): CTRL_IFACE monitor sent successfully to /data/misc/wifi/sockets/wpa_ctrl_455-1\x00
D/wpa_supplicant( 1804): CTRL_IFACE monitor sent successfully to /data/misc/wifi/sockets/wpa_ctrl_997-2\x00
D/wpa_supplicant( 1804): wlan0: Radio work 'scan'@0x7f9dc1e4c0 done in 0.718196 seconds
I/WifiHAL (  997): Poll result = 1
I/WifiHAL (  997): Found some events!!!
D/WifiHAL (  997): no_seq_check received
I/WifiHAL (  997): event received NL80211_CMD_NEW_SCAN_RESULTS
I/WifiHAL (  997): event received NL80211_CMD_NEW_SCAN_RESULTS, vendor_id = 0x0
I/WifiHAL (  997): event ignored!!
D/wpa_supplicant( 1804): wlan0: Control interface command 'BSS RANGE=0- MASK=0x23987'
D/wpa_supplicant( 1804): wlan0: Control interface command 'STATUS-NO_EVENTS'
D/AndroidRuntime(14039): 
D/AndroidRuntime(14039): >>>>>> AndroidRuntime START com.android.internal.os.RuntimeInit <<<<<<
D/AndroidRuntime(14039): CheckJNI is OFF
D/AndroidRuntime(14039): Calling main entry com.android.commands.pm.Pm
D/AndroidRuntime(14039): Shutting down VM
D/Ulp_jni (  997): Location CB invoked
D/wpa_supplicant( 1804): wlan0: Control interface command 'SIGNAL_POLL'
D/wpa_supplicant( 1804): wlan0: Control interface command 'SIGNAL_POLL'
W/DNSIncoming(13488): There was an OPT answer. Not currently handled. Option code: 65002 data: 281923F36BB13A62
D/wpa_supplicant( 1804): wlan0: Control interface command 'SIGNAL_POLL'
D/wpa_supplicant( 1804): wlan0: Control interface command 'SIGNAL_POLL'
D/Ulp_jni (  997): Location CB invoked
D/wpa_supplicant( 1804): wlan0: Control interface command 'SIGNAL_POLL'
D/wpa_supplicant( 1804): wlan0: Control interface command 'SIGNAL_POLL'
E/WifiStateMachine(  997): WifiStateMachine CMD_START_SCAN source 10078 txSuccessRate=0.00 rxSuccessRate=32.92 targetRoamBSSID=any RSSI=-49
D/wpa_supplicant( 1804): wlan0: Control interface command 'SCAN TYPE=ONLY'
D/wpa_supplicant( 1804): wlan0: Setting scan request: 0.000000 sec
D/wpa_supplicant( 1804): wlan0: Starting AP scan for wildcard SSID
D/wpa_supplicant( 1804): wlan0: Add radio work 'scan'@0x7f9dc1e380
D/wpa_supplicant( 1804): wlan0: First radio work item in the queue - schedule start immediately
D/wpa_supplicant( 1804): wlan0: Starting radio work 'scan'@0x7f9dc1e380 after 0.000090 second wait
D/wpa_supplicant( 1804): wlan0: nl80211: scan request
D/wpa_supplicant( 1804): nl80211: Scan SSID - hexdump(len=0): [NULL]
D/wpa_supplicant( 1804): Scan requested (ret=0) - scan timeout 30 seconds
D/wpa_supplicant( 1804): nl80211: Event message available
D/wpa_supplicant( 1804): nl80211: Drv Event 33 (NL80211_CMD_TRIGGER_SCAN) received for wlan0
D/wpa_supplicant( 1804): wlan0: nl80211: Scan trigger
D/wpa_supplicant( 1804): wlan0: Event SCAN_STARTED (49) received
D/wpa_supplicant( 1804): wlan0: Own scan request started a scan in 0.000261 seconds
I/wpa_supplicant( 1804): wlan0: CTRL-EVENT-SCAN-STARTED 
D/wpa_supplicant( 1804): CTRL_IFACE monitor sent successfully to /data/misc/wifi/sockets/wpa_ctrl_455-1\x00
D/wpa_supplicant( 1804): CTRL_IFACE monitor sent successfully to /data/misc/wifi/sockets/wpa_ctrl_997-2\x00
I/WifiHAL (  997): Poll result = 1
I/WifiHAL (  997): Found some events!!!
D/WifiHAL (  997): no_seq_check received
I/WifiHAL (  997): event received NL80211_CMD_TRIGGER_SCAN
I/WifiHAL (  997): event received NL80211_CMD_TRIGGER_SCAN, vendor_id = 0x0
I/WifiHAL (  997): event ignored!!
E/WifiStateMachine(  997): WifiStateMachine CMD_START_SCAN source 10078 txSuccessRate=0.00 rxSuccessRate=32.92 targetRoamBSSID=any RSSI=-49
D/wpa_supplicant( 1804): wlan0: Control interface command 'SCAN TYPE=ONLY'
D/wpa_supplicant( 1804): Pending scan scheduled - reject new request
E/WifiStateMachine(  997): WifiStateMachine CMD_START_SCAN source -2 txSuccessRate=0.00 rxSuccessRate=32.92 targetRoamBSSID=any RSSI=-49
E/WifiStateMachine(  997): WifiStateMachine starting scan for "yixia_5g"WPA_PSK with 5745,5805,5765,5785
D/wpa_supplicant( 1804): wlan0: Control interface command 'SCAN TYPE=ONLY freq=5745,5805,5765,5785'
D/wpa_supplicant( 1804): Pending scan scheduled - reject new request
E/WifiStateMachine(  997): WifiStateMachine CMD_START_SCAN source 10029 txSuccessRate=0.00 rxSuccessRate=32.92 targetRoamBSSID=any RSSI=-49
D/wpa_supplicant( 1804): wlan0: Control interface command 'SCAN TYPE=ONLY'
D/wpa_supplicant( 1804): Pending scan scheduled - reject new request
D/wpa_supplicant( 1804): wlan0: Control interface command 'SIGNAL_POLL'
D/wpa_supplicant( 1804): nl80211: Event message available
D/wpa_supplicant( 1804): nl80211: Drv Event 34 (NL80211_CMD_NEW_SCAN_RESULTS) received for wlan0
D/wpa_supplicant( 1804): wlan0: nl80211: New scan results available
D/wpa_supplicant( 1804): nl80211: Scan included frequencies:
D/wpa_supplicant( 1804): wlan0: Event SCAN_RESULTS (3) received
D/wpa_supplicant( 1804): wlan0: Scan completed in 3.657024 seconds
D/wpa_supplicant( 1804): nl80211: Associated on 5745 MHz
D/wpa_supplicant( 1804): nl80211: Associated with 2c:e6:cc:3c:b2:9c
D/wpa_supplicant( 1804): nl80211: Received scan results (21 BSSes)
D/wpa_supplicant( 1804): nl80211: Scan results indicate BSS status with 2c:e6:cc:3c:b2:9c as associated
D/wpa_supplicant( 1804): wlan0: BSS: Start scan result update 118
D/wpa_supplicant( 1804): wlan0: BSS: Add new id 331 BSSID 2c:e6:cc:3c:af:c8 SSID 'yixia'
D/wpa_supplicant( 1804): CTRL_IFACE monitor sent successfully to /data/misc/wifi/sockets/wpa_ctrl_455-1\x00
D/wpa_supplicant( 1804): CTRL_IFACE monitor sent successfully to /data/misc/wifi/sockets/wpa_ctrl_997-2\x00
D/wpa_supplicant( 1804): wlan0: BSS: Add new id 332 BSSID 2c:e6:cc:3c:b2:98 SSID 'yixia'
D/wpa_supplicant( 1804): CTRL_IFACE monitor sent successfully to /data/misc/wifi/sockets/wpa_ctrl_455-1\x00
D/wpa_supplicant( 1804): CTRL_IFACE monitor sent successfully to /data/misc/wifi/sockets/wpa_ctrl_997-2\x00
D/wpa_supplicant( 1804): wlan0: BSS: Add new id 333 BSSID f4:f9:51:e6:32:78 SSID 'UED'
D/wpa_supplicant( 1804): CTRL_IFACE monitor sent successfully to /data/misc/wifi/sockets/wpa_ctrl_455-1\x00
D/wpa_supplicant( 1804): CTRL_IFACE monitor sent successfully to /data/misc/wifi/sockets/wpa_ctrl_997-2\x00
D/wpa_supplicant( 1804): wlan0: BSS: Add new id 334 BSSID 42:10:b3:82:48:01 SSID 'cai'
D/wpa_supplicant( 1804): CTRL_IFACE monitor sent successfully to /data/misc/wifi/sockets/wpa_ctrl_455-1\x00
D/wpa_supplicant( 1804): CTRL_IFACE monitor sent successfully to /data/misc/wifi/sockets/wpa_ctrl_997-2\x00
D/wpa_supplicant( 1804): wlan0: BSS: Add new id 335 BSSID f0:b4:79:14:83:c6 SSID 'Wan'
D/wpa_supplicant( 1804): CTRL_IFACE monitor sent successfully to /data/misc/wifi/sockets/wpa_ctrl_455-1\x00
D/wpa_supplicant( 1804): CTRL_IFACE monitor sent successfully to /data/misc/wifi/sockets/wpa_ctrl_997-2\x00
D/wpa_supplicant( 1804): wlan0: BSS: Add new id 336 BSSID 6c:aa:b3:39:52:f8 SSID 'yixia'
D/wpa_supplicant( 1804): CTRL_IFACE monitor sent successfully to /data/misc/wifi/sockets/wpa_ctrl_455-1\x00
D/wpa_supplicant( 1804): CTRL_IFACE monitor sent successfully to /data/misc/wifi/sockets/wpa_ctrl_997-2\x00
D/wpa_supplicant( 1804): wlan0: BSS: Add new id 337 BSSID 6c:aa:b3:79:86:c8 SSID 'yixia_hr'
D/wpa_supplicant( 1804): CTRL_IFACE monitor sent successfully to /data/misc/wifi/sockets/wpa_ctrl_455-1\x00
D/wpa_supplicant( 1804): CTRL_IFACE monitor sent successfully to /data/misc/wifi/sockets/wpa_ctrl_997-2\x00
D/wpa_supplicant( 1804): wlan0: BSS: Add new id 338 BSSID c8:e0:eb:36:64:0d SSID 'dalin_at_mac'
D/wpa_supplicant( 1804): CTRL_IFACE monitor sent successfully to /data/misc/wifi/sockets/wpa_ctrl_455-1\x00
D/wpa_supplicant( 1804): CTRL_IFACE monitor sent successfully to /data/misc/wifi/sockets/wpa_ctrl_997-2\x00
D/wpa_supplicant( 1804): wlan0: BSS: Add new id 339 BSSID 6c:aa:b3:39:86:c8 SSID 'yixia'
D/wpa_supplicant( 1804): CTRL_IFACE monitor sent successfully to /data/misc/wifi/sockets/wpa_ctrl_455-1\x00
D/wpa_supplicant( 1804): CTRL_IFACE monitor sent successfully to /data/misc/wifi/sockets/wpa_ctrl_997-2\x00
D/wpa_supplicant( 1804): wlan0: BSS: Add new id 340 BSSID b8:55:10:b9:9a:84 SSID 'JYMF_1603'
I/WifiHAL (  997): Poll result = 1
I/WifiHAL (  997): Found some events!!!
D/WifiHAL (  997): no_seq_check received
I/WifiHAL (  997): event received NL80211_CMD_NEW_SCAN_RESULTS
I/WifiHAL (  997): event received NL80211_CMD_NEW_SCAN_RESULTS, vendor_id = 0x0
I/WifiHAL (  997): event ignored!!
D/wpa_supplicant( 1804): CTRL_IFACE monitor sent successfully to /data/misc/wifi/sockets/wpa_ctrl_455-1\x00
D/wpa_supplicant( 1804): CTRL_IFACE monitor sent successfully to /data/misc/wifi/sockets/wpa_ctrl_997-2\x00
D/wpa_supplicant( 1804): BSS: last_scan_res_used=21/32
D/wpa_supplicant( 1804): wlan0: Scan-only results received
D/wpa_supplicant( 1804): CTRL_IFACE monitor sent successfully to /data/misc/wifi/sockets/wpa_ctrl_455-1\x00
D/wpa_supplicant( 1804): CTRL_IFACE monitor sent successfully to /data/misc/wifi/sockets/wpa_ctrl_997-2\x00
D/wpa_supplicant( 1804): wlan0: Radio work 'scan'@0x7f9dc1e380 done in 3.666574 seconds
D/wpa_supplicant( 1804): wlan0: Control interface command 'BSS RANGE=0- MASK=0x23987'
D/wpa_supplicant( 1804): wlan0: Control interface command 'STATUS-NO_EVENTS'
D/LBSSystemMonitorService(  997): handleMessage what - 4
D/Wiper_jni(  997): Send Network Location.
E/TAG     (13488): {}
E/TAG     (13488): {}
D/WifiScanServices(13488): scanResult:[]
V/MSAPMReceiver(13110): Got intent:android.net.wifi.SCAN_RESULTS
V/MSAPMReceiver(13110): Got intent SCAN_RESULTS
V/MSAPM   (13110): notify_scan_results_available
E/MSAPM   (13110): Handler not yet initialized. Can't send!
D/Ulp_jni (  997): Location CB invoked
E/WifiScanServices(13488): start process end time - 31
D/wpa_supplicant( 1804): wlan0: Control interface command 'SIGNAL_POLL'
D/wpa_supplicant( 1804): wlan0: Control interface command 'SIGNAL_POLL'
D/wpa_supplicant( 1804): wlan0: Control interface command 'SIGNAL_POLL'
D/StatusBar.NetworkController( 1365): slot=-10;action=android.net.wifi.RSSI_CHANGED
D/Ulp_jni (  997): Location CB invoked
D/wpa_supplicant( 1804): wlan0: Control interface command 'SIGNAL_POLL'
D/StatusBar.NetworkController( 1365): slot=-10;action=android.net.wifi.RSSI_CHANGED
I/PPDaemon(  473): int AD::ADInput(int): ad_input ioctl successful!!, ALS value = 24
I/PPDaemon(  473): int AD::ADUpdateAL(int, int)(): ADUpdateAL() successfull, ALS = 24
D/wpa_supplicant( 1804): wlan0: Control interface command 'SIGNAL_POLL'
I/MSM-irqbalance(  673): Decided to move IRQ215 from CPU1 to CPU0
D/wpa_supplicant( 1804): wlan0: Control interface command 'SIGNAL_POLL'
E/WifiStateMachine(  997): WifiStateMachine CMD_START_SCAN source -2 txSuccessRate=0.00 rxSuccessRate=15.30 targetRoamBSSID=any RSSI=-53
D/wpa_supplicant( 1804): wlan0: Control interface command 'SCAN TYPE=ONLY'
D/wpa_supplicant( 1804): wlan0: Setting scan request: 0.000000 sec
D/wpa_supplicant( 1804): wlan0: Starting AP scan for wildcard SSID
D/wpa_supplicant( 1804): wlan0: Add radio work 'scan'@0x7f9dc1e4c0
D/wpa_supplicant( 1804): wlan0: First radio work item in the queue - schedule start immediately
D/wpa_supplicant( 1804): wlan0: Starting radio work 'scan'@0x7f9dc1e4c0 after 0.000089 second wait
D/wpa_supplicant( 1804): wlan0: nl80211: scan request
D/wpa_supplicant( 1804): nl80211: Scan SSID - hexdump(len=0): [NULL]
D/wpa_supplicant( 1804): Scan requested (ret=0) - scan timeout 30 seconds
D/wpa_supplicant( 1804): nl80211: Event message available
D/wpa_supplicant( 1804): nl80211: Drv Event 33 (NL80211_CMD_TRIGGER_SCAN) received for wlan0
D/wpa_supplicant( 1804): wlan0: nl80211: Scan trigger
D/wpa_supplicant( 1804): wlan0: Event SCAN_STARTED (49) received
D/wpa_supplicant( 1804): wlan0: Own scan request started a scan in 0.000193 seconds
I/wpa_supplicant( 1804): wlan0: CTRL-EVENT-SCAN-STARTED 
I/WifiHAL (  997): Poll result = 1
D/wpa_supplicant( 1804): CTRL_IFACE monitor sent successfully to /data/misc/wifi/sockets/wpa_ctrl_455-1\x00
D/wpa_supplicant( 1804): CTRL_IFACE monitor sent successfully to /data/misc/wifi/sockets/wpa_ctrl_997-2\x00
I/WifiHAL (  997): Found some events!!!
D/WifiHAL (  997): no_seq_check received
I/WifiHAL (  997): event received NL80211_CMD_TRIGGER_SCAN
I/WifiHAL (  997): event received NL80211_CMD_TRIGGER_SCAN, vendor_id = 0x0
I/WifiHAL (  997): event ignored!!
D/wpa_supplicant( 1804): wlan0: Control interface command 'SIGNAL_POLL'
I/MSM-irqbalance(  673): Decided to move IRQ155 from CPU1 to CPU0
D/Ulp_jni (  997): Location CB invoked
D/wpa_supplicant( 1804): nl80211: Event message available
D/wpa_supplicant( 1804): nl80211: Drv Event 34 (NL80211_CMD_NEW_SCAN_RESULTS) received for wlan0
D/wpa_supplicant( 1804): wlan0: nl80211: New scan results available
D/wpa_supplicant( 1804): nl80211: Scan included frequencies:
D/wpa_supplicant( 1804): wlan0: Event SCAN_RESULTS (3) received
D/wpa_supplicant( 1804): wlan0: Scan completed in 3.682543 seconds
D/wpa_supplicant( 1804): nl80211: Associated on 5745 MHz
D/wpa_supplicant( 1804): nl80211: Associated with 2c:e6:cc:3c:b2:9c
D/wpa_supplicant( 1804): nl80211: Received scan results (21 BSSes)
D/wpa_supplicant( 1804): nl80211: Scan results indicate BSS status with 2c:e6:cc:3c:b2:9c as associated
D/wpa_supplicant( 1804): wlan0: BSS: Start scan result update 119
D/wpa_supplicant( 1804): BSS: last_scan_res_used=21/32
D/wpa_supplicant( 1804): wlan0: Scan-only results received
D/wpa_supplicant( 1804): CTRL_IFACE monitor sent successfully to /data/misc/wifi/sockets/wpa_ctrl_455-1\x00
D/wpa_supplicant( 1804): CTRL_IFACE monitor sent successfully to /data/misc/wifi/sockets/wpa_ctrl_997-2\x00
D/wpa_supplicant( 1804): wlan0: Radio work 'scan'@0x7f9dc1e4c0 done in 3.685804 seconds
I/WifiHAL (  997): Poll result = 1
I/WifiHAL (  997): Found some events!!!
D/WifiHAL (  997): no_seq_check received
I/WifiHAL (  997): event received NL80211_CMD_NEW_SCAN_RESULTS
I/WifiHAL (  997): event received NL80211_CMD_NEW_SCAN_RESULTS, vendor_id = 0x0
I/WifiHAL (  997): event ignored!!
D/wpa_supplicant( 1804): wlan0: Control interface command 'BSS RANGE=0- MASK=0x23987'
D/wpa_supplicant( 1804): wlan0: Control interface command 'STATUS-NO_EVENTS'
D/LBSSystemMonitorService(  997): handleMessage what - 4
D/Wiper_jni(  997): Send Network Location.
E/TAG     (13488): {}
E/TAG     (13488): {}
D/WifiScanServices(13488): scanResult:[]
V/MSAPMReceiver(13110): Got intent:android.net.wifi.SCAN_RESULTS
V/MSAPMReceiver(13110): Got intent SCAN_RESULTS
V/MSAPM   (13110): notify_scan_results_available
E/MSAPM   (13110): Handler not yet initialized. Can't send!
E/WifiScanServices(13488): start process end time - 40
E/WifiStateMachine(  997): WifiStateMachine CMD_START_SCAN source 10078 txSuccessRate=0.00 rxSuccessRate=12.15 targetRoamBSSID=any RSSI=-53
D/wpa_supplicant( 1804): wlan0: Control interface command 'SCAN TYPE=ONLY'
D/wpa_supplicant( 1804): wlan0: Setting scan request: 0.000000 sec
D/wpa_supplicant( 1804): wlan0: Starting AP scan for wildcard SSID
D/wpa_supplicant( 1804): wlan0: Add radio work 'scan'@0x7f9dc1e380
D/wpa_supplicant( 1804): wlan0: First radio work item in the queue - schedule start immediately
D/wpa_supplicant( 1804): wlan0: Starting radio work 'scan'@0x7f9dc1e380 after 0.000036 second wait
D/wpa_supplicant( 1804): wlan0: nl80211: scan request
D/wpa_supplicant( 1804): nl80211: Scan SSID - hexdump(len=0): [NULL]
D/wpa_supplicant( 1804): Scan requested (ret=0) - scan timeout 30 seconds
I/WifiHAL (  997): Poll result = 1
I/WifiHAL (  997): Found some events!!!
D/wpa_supplicant( 1804): nl80211: Event message available
D/WifiHAL (  997): no_seq_check received
D/wpa_supplicant( 1804): nl80211: Drv Event 33 (NL80211_CMD_TRIGGER_SCAN) received for wlan0
I/WifiHAL (  997): event received NL80211_CMD_TRIGGER_SCAN
I/WifiHAL (  997): event received NL80211_CMD_TRIGGER_SCAN, vendor_id = 0x0
D/wpa_supplicant( 1804): wlan0: nl80211: Scan trigger
I/WifiHAL (  997): event ignored!!
D/wpa_supplicant( 1804): wlan0: Event SCAN_STARTED (49) received
D/wpa_supplicant( 1804): wlan0: Own scan request started a scan in 0.000108 seconds
I/wpa_supplicant( 1804): wlan0: CTRL-EVENT-SCAN-STARTED 
D/wpa_supplicant( 1804): CTRL_IFACE monitor sent successfully to /data/misc/wifi/sockets/wpa_ctrl_455-1\x00
D/wpa_supplicant( 1804): CTRL_IFACE monitor sent successfully to /data/misc/wifi/sockets/wpa_ctrl_997-2\x00
D/wpa_supplicant( 1804): wlan0: Control interface command 'SIGNAL_POLL'
D/wpa_supplicant( 1804): nl80211: Event message available
D/wpa_supplicant( 1804): nl80211: Drv Event 34 (NL80211_CMD_NEW_SCAN_RESULTS) received for wlan0
D/wpa_supplicant( 1804): wlan0: nl80211: New scan results available
D/wpa_supplicant( 1804): nl80211: Scan included frequencies:
D/wpa_supplicant( 1804): wlan0: Event SCAN_RESULTS (3) received
D/wpa_supplicant( 1804): wlan0: Scan completed in 3.599393 seconds
D/wpa_supplicant( 1804): nl80211: Associated on 5745 MHz
D/wpa_supplicant( 1804): nl80211: Associated with 2c:e6:cc:3c:b2:9c
I/WifiHAL (  997): Poll result = 1
I/WifiHAL (  997): Found some events!!!
D/WifiHAL (  997): no_seq_check received
I/WifiHAL (  997): event received NL80211_CMD_NEW_SCAN_RESULTS
I/WifiHAL (  997): event received NL80211_CMD_NEW_SCAN_RESULTS, vendor_id = 0x0
I/WifiHAL (  997): event ignored!!
D/wpa_supplicant( 1804): nl80211: Received scan results (24 BSSes)
D/wpa_supplicant( 1804): nl80211: Scan results indicate BSS status with 2c:e6:cc:3c:b2:9c as associated
D/wpa_supplicant( 1804): wlan0: BSS: Start scan result update 120
D/wpa_supplicant( 1804): wlan0: BSS: Add new id 341 BSSID 94:77:2b:04:72:d4 SSID 'GFW'
D/wpa_supplicant( 1804): CTRL_IFACE monitor sent successfully to /data/misc/wifi/sockets/wpa_ctrl_455-1\x00
D/wpa_supplicant( 1804): CTRL_IFACE monitor sent successfully to /data/misc/wifi/sockets/wpa_ctrl_997-2\x00
D/wpa_supplicant( 1804): wlan0: BSS: Add new id 342 BSSID 26:35:30:00:c9:b3 SSID 'PC-47'
D/wpa_supplicant( 1804): CTRL_IFACE monitor sent successfully to /data/misc/wifi/sockets/wpa_ctrl_455-1\x00
D/wpa_supplicant( 1804): CTRL_IFACE monitor sent successfully to /data/misc/wifi/sockets/wpa_ctrl_997-2\x00
D/wpa_supplicant( 1804): wlan0: BSS: Add new id 343 BSSID 60:de:44:77:31:80 SSID 'WORKER'
D/wpa_supplicant( 1804): CTRL_IFACE monitor sent successfully to /data/misc/wifi/sockets/wpa_ctrl_455-1\x00
D/wpa_supplicant( 1804): CTRL_IFACE monitor sent successfully to /data/misc/wifi/sockets/wpa_ctrl_997-2\x00
D/wpa_supplicant( 1804): BSS: last_scan_res_used=24/32
D/wpa_supplicant( 1804): wlan0: Scan-only results received
D/wpa_supplicant( 1804): CTRL_IFACE monitor sent successfully to /data/misc/wifi/sockets/wpa_ctrl_455-1\x00
D/wpa_supplicant( 1804): CTRL_IFACE monitor sent successfully to /data/misc/wifi/sockets/wpa_ctrl_997-2\x00
D/wpa_supplicant( 1804): wlan0: Radio work 'scan'@0x7f9dc1e380 done in 3.602916 seconds
D/wpa_supplicant( 1804): wlan0: Control interface command 'BSS RANGE=0- MASK=0x23987'
I/MSM-irqbalance(  673): Decided to move IRQ57 from CPU1 to CPU0
D/wpa_supplicant( 1804): wlan0: Control interface command 'STATUS-NO_EVENTS'
D/LBSSystemMonitorService(  997): handleMessage what - 4
D/Wiper_jni(  997): Send Network Location.
E/TAG     (13488): {}
E/TAG     (13488): {}
D/WifiScanServices(13488): scanResult:[]
V/MSAPMReceiver(13110): Got intent:android.net.wifi.SCAN_RESULTS
V/MSAPMReceiver(13110): Got intent SCAN_RESULTS
V/MSAPM   (13110): notify_scan_results_available
E/MSAPM   (13110): Handler not yet initialized. Can't send!
E/WifiScanServices(13488): start process end time - 33
D/wpa_supplicant( 1804): wlan0: Control interface command 'SIGNAL_POLL'
D/StatusBar.NetworkController( 1365): slot=-10;action=android.net.wifi.RSSI_CHANGED
D/wpa_supplicant( 1804): wlan0: Control interface command 'SIGNAL_POLL'
I/MSM-irqbalance(  673): Decided to move IRQ115 from CPU1 to CPU0
D/Ulp_jni (  997): Location CB invoked
W/DNSIncoming(13488): There was an OPT answer. Not currently handled. Option code: 65002 data: DB73EC253999421F
D/wpa_supplicant( 1804): wlan0: Control interface command 'SIGNAL_POLL'
D/StatusBar.NetworkController( 1365): slot=-10;action=android.net.wifi.RSSI_CHANGED
W/DNSIncoming(13488): There was an OPT answer. Not currently handled. Option code: 65002 data: DB73EC253999421F
W/DNSIncoming(13488): There was an OPT answer. Not currently handled. Option code: 65002 data: DB73EC253999421F
D/wpa_supplicant( 1804): wlan0: Control interface command 'SIGNAL_POLL'
E/WifiStateMachine(  997): WifiStateMachine CMD_START_SCAN source -2 txSuccessRate=0.00 rxSuccessRate=29.19 targetRoamBSSID=any RSSI=-55
E/WifiStateMachine(  997): WifiStateMachine starting scan for "yixia_5g"WPA_PSK with 5745,5805,5765,5785
D/wpa_supplicant( 1804): wlan0: Control interface command 'SCAN TYPE=ONLY freq=5745,5805,5765,5785'
D/wpa_supplicant( 1804): wlan0: Setting scan request: 0.000000 sec
D/wpa_supplicant( 1804): wlan0: Starting AP scan for wildcard SSID
D/wpa_supplicant( 1804): wlan0: Limit manual scan to specified channels
D/wpa_supplicant( 1804): wlan0: Add radio work 'scan'@0x7f9dc1e4c0
D/wpa_supplicant( 1804): wlan0: First radio work item in the queue - schedule start immediately
D/wpa_supplicant( 1804): wlan0: Starting radio work 'scan'@0x7f9dc1e4c0 after 0.000103 second wait
D/wpa_supplicant( 1804): wlan0: nl80211: scan request
D/wpa_supplicant( 1804): nl80211: Scan SSID - hexdump(len=0): [NULL]
D/wpa_supplicant( 1804): nl80211: Scan frequency 5745 MHz
D/wpa_supplicant( 1804): nl80211: Scan frequency 5765 MHz
D/wpa_supplicant( 1804): nl80211: Scan frequency 5785 MHz
D/wpa_supplicant( 1804): nl80211: Scan frequency 5805 MHz
D/wpa_supplicant( 1804): Scan requested (ret=0) - scan timeout 30 seconds
D/wpa_supplicant( 1804): nl80211: Event message available
D/wpa_supplicant( 1804): nl80211: Drv Event 33 (NL80211_CMD_TRIGGER_SCAN) received for wlan0
D/wpa_supplicant( 1804): wlan0: nl80211: Scan trigger
D/wpa_supplicant( 1804): wlan0: Event SCAN_STARTED (49) received
D/wpa_supplicant( 1804): wlan0: Own scan request started a scan in 0.000208 seconds
I/wpa_supplicant( 1804): wlan0: CTRL-EVENT-SCAN-STARTED 
D/wpa_supplicant( 1804): CTRL_IFACE monitor sent successfully to /data/misc/wifi/sockets/wpa_ctrl_455-1\x00
D/wpa_supplicant( 1804): CTRL_IFACE monitor sent successfully to /data/misc/wifi/sockets/wpa_ctrl_997-2\x00
I/WifiHAL (  997): Poll result = 1
I/WifiHAL (  997): Found some events!!!
D/WifiHAL (  997): no_seq_check received
I/WifiHAL (  997): event received NL80211_CMD_TRIGGER_SCAN
I/WifiHAL (  997): event received NL80211_CMD_TRIGGER_SCAN, vendor_id = 0x0
I/WifiHAL (  997): event ignored!!
