--------- beginning of /dev/log/main
D/WifiStateMachine(  542): ConnectedState{ what=131155 when=-3ms arg1=105 }
D/WifiStateMachine(  542): L2ConnectedState{ what=131155 when=-3ms arg1=105 }
D/wpa_supplicant(15442): wpa_s 0x41a7aed0 cmd SIGNAL_POLL
D/wpa_supplicant(15442): nl80211: survey data missing!
D/WifiStateMachine(  542): ConnectedState{ what=131155 when=-3ms arg1=105 }
D/WifiStateMachine(  542): L2ConnectedState{ what=131155 when=-4ms arg1=105 }
D/wpa_supplicant(15442): wpa_s 0x41a7aed0 cmd SIGNAL_POLL
D/wpa_supplicant(15442): nl80211: survey data missing!
W/Email   ( 6025): Exception detected: Read timed out
W/Email   ( 6025): Last network activities:
W/Email   ( 6025): 1 CAPABILITY
W/Email   ( 6025): * OK [CAPABILITY IMAP4 IMAP4rev1 IDLE XAPPLEPUSHSERVICE ID UIDPLUS AUTH=LOGIN NAMESPACE] * CAPABILITY IMAP4 IMAP4rev1 IDLE XAPPLEPUSHSERVICE AUTH=LOGIN NAMESPACE CHILDREN ID UIDPLUS
W/Email   ( 6025): 2 ID ("name" "com.android.email" "os" "android" "os-version" "4.1.1; JRO03L" "vendor" "Xiaomi" "x-android-device-model" "MI 2S" "x-android-mobile-net-operator" "China Unicom" "AGUID" "IjLKrN1ofdkdnwSI7jZdQi2cTJo=")
W/Email   ( 6025): 1 OK * ID NIL
W/Email   ( 6025): [IMAP command redacted]
W/Email   ( 6025): 4 NAMESPACE
W/Email   ( 6025): 2 OK 3 OK * NAMESPACE (("" "/")) NIL NIL
W/Email   ( 6025): 5 SELECT "Inbox"
W/Email   ( 6025): 4 OK * 24 EXISTS
W/Email   ( 6025): * 0 RECENT
W/Email   ( 6025): * OK [UIDVALIDITY 1372238181] * OK [UIDNEXT 1080] * FLAGS (\Answered \Flagged \Deleted \Draft \Seen)
W/Email   ( 6025): 6 UID SEARCH 24:* NOT DELETED
W/Email   ( 6025): * OK [PERMANENTFLAGS (\* \Answered \Flagged \Deleted \Draft \Seen)] 5 OK [READ-WRITE] * SEARCH 1079
W/Email   ( 6025): 7 IDLE
W/Email   ( 6025): 6 OK + 
W/System.err( 6025): java.net.SocketTimeoutException: Read timed out
W/System.err( 6025): 	at org.apache.harmony.xnet.provider.jsse.NativeCrypto.SSL_read(Native Method)
W/System.err( 6025): 	at org.apache.harmony.xnet.provider.jsse.OpenSSLSocketImpl$SSLInputStream.read(OpenSSLSocketImpl.java:675)
W/System.err( 6025): 	at java.io.InputStream.read(InputStream.java:163)
W/System.err( 6025): 	at java.io.BufferedInputStream.fillbuf(BufferedInputStream.java:142)
W/System.err( 6025): 	at java.io.BufferedInputStream.read(BufferedInputStream.java:227)
W/System.err( 6025): 	at com.kingsoft.email.PeekableInputStream.read(PeekableInputStream.java:39)
W/System.err( 6025): 	at com.kingsoft.email.PeekableInputStream.peek(PeekableInputStream.java:48)
W/System.err( 6025): 	at com.kingsoft.email.mail.store.imap.ImapResponseParser.peek(ImapResponseParser.java:119)
W/System.err( 6025): 	at com.kingsoft.email.mail.store.imap.ImapResponseParser.parseResponse(ImapResponseParser.java:329)
W/System.err( 6025): 	at com.kingsoft.email.mail.store.imap.ImapResponseParser.readResponse(ImapResponseParser.java:172)
W/System.err( 6025): 	at com.kingsoft.email.mail.store.ImapConnection.getCommandResponses(ImapConnection.java:354)
W/System.err( 6025): 	at com.kingsoft.email.mail.store.ImapConnection.executeSimpleCommand(ImapConnection.java:391)
W/System.err( 6025): 	at com.kingsoft.email.mail.store.ImapConnection.executeSimpleCommand(ImapConnection.java:315)
W/System.err( 6025): 	at com.kingsoft.email.mail.store.ImapPushFolder$1.run(ImapPushFolder.java:283)
W/System.err( 6025): 	at java.util.concurrent.ThreadPoolExecutor.runWorker(ThreadPoolExecutor.java:1076)
W/System.err( 6025): 	at java.util.concurrent.ThreadPoolExecutor$Worker.run(ThreadPoolExecutor.java:569)
W/System.err( 6025): 	at java.lang.Thread.run(Thread.java:856)
D/IMAP-PUSH( 6025): Read timed out
--------- beginning of /dev/log/system
I/BatteryStatsImpl(  542): Start partial wakelock email_for_idle(uid=10017, pid=6025) nesting 3
W/SSLCertificateSocketFactory( 6025): Bypassing SSL security checks at caller's request
I/XiaomiFirewall( 1394): firewall pkgName:com.android.email, result:0
D/IMAP-PUSH( 6025): establish connection OK
D/IMAP-PUSH( 6025): latest server id > local server id, so request sync. for account = 908963295@qq.com
I/BatteryStatsImpl(  542): Start partial wakelock SyncLoopWakeLock(uid=1000, pid=542) nesting 4
I/BatteryStatsImpl(  542): Stop partial wakelock email_for_idle(uid=10017, pid=6025) nesting 3
I/BatteryStatsImpl(  542): Start partial wakelock *sync*_com.android.email.provider_Account {name=908963295@qq.com, type=com.android.email}(uid=10017, pid=542) nesting 4
I/BatteryStatsImpl(  542): Stop partial wakelock SyncLoopWakeLock(uid=1000, pid=542) nesting 3
I/BatteryStatsImpl(  542): Start partial wakelock SyncLoopWakeLock(uid=1000, pid=542) nesting 4
E/dalvikvm( 6025): threadid=22: created from interp,name=SyncAdapterThread-1
E/dalvikvm( 6025): threadid=22: calling run(),name=SyncAdapterThread-1
I/BatteryStatsImpl(  542): Stop partial wakelock SyncLoopWakeLock(uid=1000, pid=542) nesting 3
V/wmh     ( 6025): ProxyTask:name=updateFolderList,startTime = 1435729043015
V/wmh     ( 6025): onCnnected Time = 1435729043019
W/Email   ( 6025): Mailboxes specified in a push only sync
E/dalvikvm( 6025): threadid=23: created from interp,name=updateFolderList
E/dalvikvm( 6025): threadid=23: calling run(),name=updateFolderList
V/wmh     ( 6025): start
W/Email   ( 6025): Exception detected: End of stream reached
W/Email   ( 6025): Last network activities:
W/Email   ( 6025): 1 CAPABILITY
W/Email   ( 6025): * OK [CAPABILITY IMAP4 IMAP4rev1 IDLE XAPPLEPUSHSERVICE ID UIDPLUS AUTH=LOGIN NAMESPACE] * CAPABILITY IMAP4 IMAP4rev1 IDLE XAPPLEPUSHSERVICE AUTH=LOGIN NAMESPACE CHILDREN ID UIDPLUS
W/Email   ( 6025): 2 ID ("name" "com.android.email" "os" "android" "os-version" "4.1.1; JRO03L" "vendor" "Xiaomi" "x-android-device-model" "MI 2S" "x-android-mobile-net-operator" "China Unicom" "AGUID" "IjLKrN1ofdkdnwSI7jZdQi2cTJo=")
W/Email   ( 6025): 1 OK * ID NIL
W/Email   ( 6025): [IMAP command redacted]
W/Email   ( 6025): 4 NAMESPACE
W/Email   ( 6025): 2 OK 3 OK * NAMESPACE (("" "/")) NIL NIL
W/Email   ( 6025): 5 NOOP
W/Email   ( 6025): 6 LIST "" "*"
W/Email   ( 6025): 4 OK 5 OK * LIST (\HasNoChildren) "/" "INBOX"
W/Email   ( 6025): * LIST (\NoSelect \HasChildren) "/" "&UXZO1mWHTvZZOQ-"
W/Email   ( 6025): * LIST (\HasNoChildren) "/" "Sent Messages"
W/Email   ( 6025): * LIST (\HasNoChildren) "/" "Drafts"
W/Email   ( 6025): * LIST (\HasNoChildren) "/" "Deleted Messages"
W/Email   ( 6025): * LIST (\HasNoChildren) "/" "Junk"
W/Email   ( 6025): 7 NOOP
W/Email   ( 6025): 6 OK 
W/Email   ( 6025): Exception detected: End of stream reached
W/Email   ( 6025): Last network activities:
W/Email   ( 6025): 1 CAPABILITY
W/Email   ( 6025): * OK [CAPABILITY IMAP4 IMAP4rev1 IDLE XAPPLEPUSHSERVICE ID UIDPLUS AUTH=LOGIN NAMESPACE] * CAPABILITY IMAP4 IMAP4rev1 IDLE XAPPLEPUSHSERVICE AUTH=LOGIN NAMESPACE CHILDREN ID UIDPLUS
W/Email   ( 6025): 2 ID ("name" "com.android.email" "os" "android" "os-version" "4.1.1; JRO03L" "vendor" "Xiaomi" "x-android-device-model" "MI 2S" "x-android-mobile-net-operator" "China Unicom" "AGUID" "IjLKrN1ofdkdnwSI7jZdQi2cTJo=")
W/Email   ( 6025): 1 OK * ID NIL
W/Email   ( 6025): [IMAP command redacted]
W/Email   ( 6025): 4 NAMESPACE
W/Email   ( 6025): 2 OK 3 OK * NAMESPACE (("" "/")) NIL NIL
W/Email   ( 6025): 5 SELECT "Inbox"
W/Email   ( 6025): 4 OK * 24 EXISTS
W/Email   ( 6025): * 0 RECENT
W/Email   ( 6025): * OK [UIDVALIDITY 1372238181] * OK [UIDNEXT 1080] * FLAGS (\Answered \Flagged \Deleted \Draft \Seen)
W/Email   ( 6025): 6 UID SEARCH 1:* SINCE 30-Jun-2015
W/Email   ( 6025): * OK [PERMANENTFLAGS (\* \Answered \Flagged \Deleted \Draft \Seen)] 5 OK [READ-WRITE] * SEARCH 1074 1076 1078 1079
W/Email   ( 6025): 7 NOOP
W/Email   ( 6025): 8 UID FETCH 1074,1076,1078,1079 (UID FLAGS)
W/Email   ( 6025): 6 OK 7 OK * 21 FETCH (UID 1074 FLAGS (\Seen))
W/Email   ( 6025): * 22 FETCH (UID 1076 FLAGS (\Seen))
W/Email   ( 6025): * 23 FETCH (UID 1078 FLAGS (\Seen))
W/Email   ( 6025): * 24 FETCH (UID 1079 FLAGS (\Seen))
W/Email   ( 6025): 9 NOOP
W/Email   ( 6025): 10 NOOP
W/Email   ( 6025): 8 OK 9 OK 
W/SSLCertificateSocketFactory( 6025): Bypassing SSL security checks at caller's request
I/XiaomiFirewall( 1394): firewall pkgName:com.android.email, result:0
I/BatteryStatsImpl(  542): Start partial wakelock SyncLoopWakeLock(uid=1000, pid=542) nesting 4
I/BatteryStatsImpl(  542): Stop partial wakelock SyncLoopWakeLock(uid=1000, pid=542) nesting 3
W/SSLCertificateSocketFactory( 6025): Bypassing SSL security checks at caller's request
D/WifiStateMachine(  542): ConnectedState{ what=131155 when=-4ms arg1=105 }
D/WifiStateMachine(  542): L2ConnectedState{ what=131155 when=-4ms arg1=105 }
D/wpa_supplicant(15442): wpa_s 0x41a7aed0 cmd SIGNAL_POLL
D/wpa_supplicant(15442): nl80211: survey data missing!
